 ------------------------------------------------------------------------------------------------------------------------------------------------------------------- 
| Snapshot                | WNS                  | TNS                  | Density (%) | Hotspot                   | Resource               | DRVs       | Layer-OPT |
|                         | HEPG (ns) | ALL (ns) | HEPG (ns) | ALL (ns) |             | Max (bins) | Total (bins) | Real (s) | Memory (MB) | Tran | Cap | Metal8    |
|-------------------------+-----------+----------+-----------+----------+-------------+------------+--------------+----------+-------------+------+-----+-----------|
| initial_summary         |    -0.767 |   -0.826 |           |       -4 |       97.93 |            |              | 0:00:01  |        5152 |    1 |   0 |           |
| route_type_refinement   |           |          |           |          |             |            |              | 0:00:00  |        5153 |      |     |           |
| simplify_netlist        |           |          |           |          |             |            |              | 0:00:01  |        5159 |      |     |           |
| excluded_clk_net_fixing |           |          |           |          |             |            |              | 0:00:00  |        5159 |      |     |           |
| drv_fixing              |    -0.656 |   -0.710 |        -3 |       -4 |       97.93 |            |              | 0:00:01  |        5178 |    2 |   0 |           |
| global_opt              |           |   -0.710 |           |       -4 |       97.93 |            |              | 0:00:01  |        5220 |      |     |           |
| area_reclaiming         |    -0.656 |   -0.708 |        -3 |       -4 |       97.36 |            |              | 0:00:01  |        5239 |      |     |           |
| wns_fixing              |    -0.503 |   -0.620 |        -2 |       -2 |       97.34 |            |              | 0:00:19  |        6025 |      |     |           |
| tns_fixing              |    -0.503 |   -0.620 |        -1 |       -2 |       97.68 |            |              | 0:00:02  |        6024 |      |     |         1 |
| area_reclaiming_2       |    -0.503 |   -0.620 |        -1 |       -2 |       97.68 |            |              | 0:00:00  |        5444 |      |     |         1 |
| area_reclaiming_3       |    -0.503 |   -0.620 |        -1 |       -2 |       97.57 |            |              | 0:00:01  |        5445 |      |     |           |
| local_wire_reclaim      |           |          |           |          |             |            |              | 0:00:00  |        5413 |      |     |           |
| global_route            |           |          |           |          |             |       0.00 |         0.00 | 0:00:00  |        5257 |      |     |           |
| route_type_refinement_2 |           |          |           |          |             |            |              | 0:00:00  |        5257 |      |     |           |
| drv_eco_fixing          |    -0.536 |   -0.610 |        -1 |       -2 |       97.57 |            |              | 0:00:01  |        5317 |    2 |   0 |           |
| tns_eco_fixing          |    -0.536 |   -0.610 |        -1 |       -2 |       97.57 |            |              | 0:00:01  |        5925 |      |     |           |
| final_summary           |    -0.536 |   -0.610 |           |       -2 |       97.57 |            |              | 0:00:06  |        5346 |    1 |   0 |           |
 ------------------------------------------------------------------------------------------------------------------------------------------------------------------- 
