 ------------------------------------------------------------------------------------------------------------------------------------------------------- 
| Snapshot                | WNS                  | TNS                  | Density (%) | Hotspot                   | Resource               | DRVs       |
|                         | HEPG (ns) | ALL (ns) | HEPG (ns) | ALL (ns) |             | Max (bins) | Total (bins) | Real (s) | Memory (MB) | Tran | Cap |
|-------------------------+-----------+----------+-----------+----------+-------------+------------+--------------+----------+-------------+------+-----|
| initial_summary         |           |   -1.222 |           |      -11 |       45.03 |            |              | 0:00:00  |        3591 |    0 |   1 |
| simplify_netlist        |           |          |           |          |             |            |              | 0:00:01  |        3604 |      |     |
| drv_fixing              |           |          |           |          |             |            |              | 0:00:00  |        3606 |      |     |
| drv_fixing_2            |     0.000 |   -0.450 |         0 |       -5 |       48.25 |            |              | 0:00:00  |        3689 |    8 |   0 |
| global_opt              |           |    0.007 |           |        0 |       74.27 |            |              | 0:00:00  |        4027 |      |     |
| area_reclaiming         |     0.000 |    0.007 |         0 |        0 |       74.27 |            |              | 0:00:01  |        4030 |      |     |
| incremental_replacement |           |          |           |          |             |       0.00 |         0.00 | 0:00:01  |        4300 |      |     |
| area_reclaiming_2       |     0.077 |    0.002 |         0 |        0 |       74.27 |            |              | 0:00:00  |        4325 |      |     |
| drv_eco_fixing          |     0.077 |   -0.057 |         0 |       -0 |       85.23 |            |              | 0:00:00  |        4399 |    8 |   0 |
| tns_eco_fixing          |     0.077 |    0.005 |         0 |        0 |       74.27 |            |              | 0:00:01  |        4972 |      |     |
| final_summary           |     0.077 |    0.005 |           |        0 |       74.27 |            |              | 0:00:03  |        4361 |    0 |   0 |
 ------------------------------------------------------------------------------------------------------------------------------------------------------- 
