**INFO: Starting Blocking QThread with 8 CPU
   ____________________________________________________________________
__/ message from Blocking QThread
Multi-CPU acceleration using 8 CPU(s).
*** QThread MetricCollect [begin] (IncrReplace #1 / place_opt_design #1) : mem = 0.3M
Multithreaded Timing Analysis is initialized with 8 threads

###############################################################
#  Generated by:      Cadence Innovus 23.31-s109_1
#  OS:                Linux x86_64(Host ID ei-vm-018.othr.de)
#  Generated on:      Sat Sep 27 22:27:14 2025
#  Design:            Main
#  Command:           optDesign -preCTS
###############################################################

REPORT ANALYSIS SUMMARY (View:WORST_CASE) (EL:Setup)
=========================================================================================================================================================================================================

GroupType:*
=========================================================================================================================================================================================================

         All                             IN2REG                          IN2OUT                           REG2REG                              REG2OUT
    -----------------------------------------------------------------------------------------------------------------------------------------------------------------------------------------------------  
     WNS:TNS:#VIO                     WNS:TNS:#VIO                     WNS:TNS:#VIO                     WNS:TNS:#VIO                     WNS:TNS:#VIO                     FromClk->ToClk                   
    -----------------------------------------------------------------------------------------------------------------------------------------------------------------------------------------------------  
    -0.440:-1.075:3                  0.000:0.000:0                    0.000:0.000:0                    -0.440:-0.711:2                  -0.364:-0.364:1                  *->*
    -----------------------------------------------------------------------------------------------------------------------------------------------------------------------------------------------------
Ending "set_metric_timing_analysis_summary" (total cpu=0:00:00.1, real=0:00:00.0, peak res=3359.5M, current mem=2572.2M)
Ending "get_summary_setup_timing" (total cpu=0:00:00.1, real=0:00:00.0, peak res=3359.5M, current mem=2573.4M)
*** QThread MetricCollect [finish] (IncrReplace #1 / place_opt_design #1) : cpu/real = 0:00:00.1/0:00:00.1 (1.0), mem = 0.0M
_______________________________________________________________________
