 ------------------------------------------------------------------------------------------------------------------------------------------------------- 
| Snapshot                | WNS                  | TNS                  | Density (%) | Hotspot                   | Resource               | DRVs       |
|                         | HEPG (ns) | ALL (ns) | HEPG (ns) | ALL (ns) |             | Max (bins) | Total (bins) | Real (s) | Memory (MB) | Tran | Cap |
|-------------------------+-----------+----------+-----------+----------+-------------+------------+--------------+----------+-------------+------+-----|
| initial_summary         |           |   -0.082 |           |       -2 |       59.14 |            |              | 0:00:28  |        4666 |    0 |   0 |
| route_type_refinement   |           |          |           |          |             |            |              | 0:00:00  |        4666 |      |     |
| simplify_netlist        |           |          |           |          |             |            |              | 0:00:04  |        4666 |      |     |
| excluded_clk_net_fixing |           |          |           |          |             |            |              | 0:00:00  |        4666 |      |     |
| global_opt              |           |   -0.082 |           |       -2 |       59.14 |            |              | 0:00:09  |        4666 |      |     |
| area_reclaiming         |     0.000 |   -0.082 |         0 |       -2 |       59.13 |            |              | 0:00:32  |        4686 |      |     |
| wns_fixing              |     0.000 |   -0.083 |         0 |       -2 |       59.13 |            |              | 0:00:26  |        4718 |      |     |
| tns_fixing              |     0.000 |   -0.083 |         0 |       -2 |       59.13 |            |              | 0:00:09  |        4686 |      |     |
| area_reclaiming_2       |     0.000 |   -0.083 |         0 |       -2 |       59.13 |            |              | 0:00:33  |        4686 |      |     |
| local_wire_reclaim      |           |          |           |          |             |            |              | 0:01:34  |        4670 |      |     |
| global_route            |           |          |           |          |             |       0.00 |         0.00 | 0:00:10  |        4657 |      |     |
| route_type_refinement_2 |           |          |           |          |             |            |              | 0:00:00  |        4657 |      |     |
| drv_eco_fixing          |     0.000 |   -0.178 |         0 |       -7 |       59.13 |            |              | 0:00:05  |        4666 |    0 |   0 |
| wns_eco_fixing          |     0.000 |   -0.178 |         0 |       -7 |       59.13 |            |              | 0:00:05  |        4666 |      |     |
| tns_eco_fixing          |     0.000 |   -0.178 |         0 |       -7 |       59.13 |            |              | 0:00:05  |        4666 |      |     |
| final_summary           |           |   -0.178 |           |       -7 |       59.13 |            |              | 0:00:26  |        4666 |    0 |   0 |
 ------------------------------------------------------------------------------------------------------------------------------------------------------- 
