 ------------------------------------------------------------------------------------------------------------------------------------------------------------------- 
| Snapshot                | WNS                  | TNS                  | Density (%) | Hotspot                   | Resource               | DRVs       | Layer-OPT |
|                         | HEPG (ns) | ALL (ns) | HEPG (ns) | ALL (ns) |             | Max (bins) | Total (bins) | Real (s) | Memory (MB) | Tran | Cap | Metal8    |
|-------------------------+-----------+----------+-----------+----------+-------------+------------+--------------+----------+-------------+------+-----+-----------|
| initial_summary         |    -0.235 |   -0.235 |           |       -2 |       99.00 |            |              | 0:00:01  |        5481 |    2 |   0 |           |
| route_type_refinement   |           |          |           |          |             |            |              | 0:00:00  |        5484 |      |     |           |
| simplify_netlist        |           |          |           |          |             |            |              | 0:00:01  |        5493 |      |     |           |
| excluded_clk_net_fixing |           |          |           |          |             |            |              | 0:00:00  |        5493 |      |     |           |
| drv_fixing              |    -0.235 |   -0.235 |        -1 |       -2 |       99.00 |            |              | 0:00:01  |        5524 |    8 |   0 |           |
| global_opt              |           |   -0.235 |           |       -2 |       99.00 |            |              | 0:00:01  |        5564 |      |     |           |
| area_reclaiming         |    -0.235 |   -0.235 |        -1 |       -2 |       98.55 |            |              | 0:00:01  |        5628 |      |     |           |
| drv_fixing_2            |    -0.235 |   -0.235 |        -1 |       -2 |       98.55 |            |              | 0:00:01  |        5632 |    2 |   0 |           |
| wns_fixing              |    -0.065 |   -0.107 |        -0 |       -0 |       98.98 |            |              | 0:00:13  |        6346 |      |     |         6 |
| tns_fixing              |    -0.065 |   -0.107 |        -0 |       -0 |       99.00 |            |              | 0:00:02  |        6367 |      |     |         6 |
| area_reclaiming_2       |    -0.065 |   -0.107 |        -0 |       -0 |       99.00 |            |              | 0:00:01  |        5784 |      |     |         6 |
| area_reclaiming_3       |    -0.065 |   -0.107 |        -0 |       -0 |       99.00 |            |              | 0:00:00  |        5786 |      |     |         2 |
| local_wire_reclaim      |           |          |           |          |             |            |              | 0:00:01  |        5754 |      |     |           |
| global_route            |           |          |           |          |             |       0.00 |         0.00 | 0:00:00  |        5563 |      |     |           |
| route_type_refinement_2 |           |          |           |          |             |            |              | 0:00:01  |        5641 |      |     |         1 |
| drv_eco_fixing          |    -0.187 |   -0.187 |        -1 |       -2 |       99.00 |            |              | 0:00:00  |        5650 |    7 |   0 |         1 |
| wns_eco_fixing          |    -0.064 |   -0.064 |        -0 |       -0 |       98.79 |            |              | 0:00:03  |        6382 |      |     |         5 |
| tns_eco_fixing          |    -0.064 |   -0.064 |        -0 |       -0 |       98.93 |            |              | 0:00:01  |        6387 |      |     |         5 |
| final_summary           |    -0.064 |   -0.064 |           |       -0 |       98.93 |       0.00 |         0.00 | 0:00:06  |        5692 |    2 |   0 |           |
 ------------------------------------------------------------------------------------------------------------------------------------------------------------------- 
