 ------------------------------------------------------------------------------------------------------------------------------------------------------------------- 
| Snapshot                | WNS                  | TNS                  | Density (%) | Hotspot                   | Resource               | DRVs       | Layer-OPT |
|                         | HEPG (ns) | ALL (ns) | HEPG (ns) | ALL (ns) |             | Max (bins) | Total (bins) | Real (s) | Memory (MB) | Tran | Cap | Metal8    |
|-------------------------+-----------+----------+-----------+----------+-------------+------------+--------------+----------+-------------+------+-----+-----------|
| initial_summary         |           |   -0.937 |           |       -4 |       89.55 |            |              | 0:00:01  |        4692 |   17 |   0 |           |
| simplify_netlist        |           |          |           |          |             |            |              | 0:00:01  |        4705 |      |     |           |
| drv_fixing              |           |          |           |          |             |            |              | 0:00:00  |        4708 |      |     |           |
| area_reclaiming         |     0.000 |   -0.937 |         0 |       -4 |       89.55 |            |              | 0:00:00  |        4711 |      |     |           |
| drv_fixing_2            |     0.000 |   -0.974 |         0 |       -4 |       92.06 |            |              | 0:00:01  |        4900 |    0 |   0 |           |
| global_opt              |           |   -0.788 |           |       -3 |       93.34 |            |              | 0:00:01  |        4954 |      |     |           |
| area_reclaiming_2       |     0.000 |   -0.783 |         0 |       -3 |       93.13 |            |              | 0:00:01  |        4948 |      |     |           |
| incremental_replacement |    -0.747 |   -0.756 |           |       -3 |             |       0.00 |         0.00 | 0:00:02  |        5086 |      |     |           |
| tns_fixing              |    -0.625 |   -0.649 |        -1 |       -2 |       94.91 |            |              | 0:00:02  |        6019 |      |     |           |
| wns_fixing              |     0.046 |    0.025 |         0 |        0 |       95.74 |            |              | 0:00:36  |        6052 |      |     |         3 |
| area_reclaiming_3       |     0.045 |    0.024 |         0 |        0 |       95.74 |            |              | 0:00:01  |        5330 |      |     |         3 |
| area_reclaiming_4       |     0.029 |    0.008 |         0 |        0 |       95.21 |            |              | 0:00:00  |        5346 |      |     |         1 |
| drv_eco_fixing          |     0.029 |    0.008 |         0 |        0 |       95.21 |            |              | 0:00:01  |        5345 |    4 |   0 |         1 |
| final_summary           |     0.029 |    0.008 |           |        0 |       95.21 |            |              | 0:00:07  |        5342 |    2 |   0 |           |
 ------------------------------------------------------------------------------------------------------------------------------------------------------------------- 
