 ------------------------------------------------------------------------------------------------------------------------------------------------------- 
| Snapshot                | WNS                  | TNS                  | Density (%) | Hotspot                   | Resource               | DRVs       |
|                         | HEPG (ns) | ALL (ns) | HEPG (ns) | ALL (ns) |             | Max (bins) | Total (bins) | Real (s) | Memory (MB) | Tran | Cap |
|-------------------------+-----------+----------+-----------+----------+-------------+------------+--------------+----------+-------------+------+-----|
| initial_summary         |     0.082 |    0.002 |           |        0 |       74.56 |            |              | 0:00:00  |        5204 |    0 |   0 |
| route_type_refinement   |           |          |           |          |             |            |              | 0:00:00  |        5204 |      |     |
| simplify_netlist        |           |          |           |          |             |            |              | 0:00:00  |        5205 |      |     |
| excluded_clk_net_fixing |           |          |           |          |             |            |              | 0:00:00  |        5205 |      |     |
| global_opt              |           |    0.002 |           |        0 |       74.56 |            |              | 0:00:00  |        5235 |      |     |
| area_reclaiming         |     0.082 |    0.002 |         0 |        0 |       74.56 |            |              | 0:00:00  |        5238 |      |     |
| area_reclaiming_2       |     0.082 |    0.002 |         0 |        0 |       74.56 |            |              | 0:00:00  |        5239 |      |     |
| local_wire_reclaim      |           |          |           |          |             |            |              | 0:00:00  |        5207 |      |     |
| global_route            |           |          |           |          |             |       0.00 |         0.00 | 0:00:00  |        5166 |      |     |
| route_type_refinement_2 |           |          |           |          |             |            |              | 0:00:00  |        5166 |      |     |
| drv_eco_fixing          |     0.082 |   -0.061 |         0 |       -0 |       89.18 |            |              | 0:00:00  |        5311 |    8 |   0 |
| tns_eco_fixing          |     0.082 |    0.002 |         0 |        0 |       74.56 |            |              | 0:00:00  |        5907 |      |     |
| final_summary           |     0.082 |    0.002 |           |        0 |       74.56 |       0.00 |         0.00 | 0:00:03  |        5296 |    0 |   0 |
 ------------------------------------------------------------------------------------------------------------------------------------------------------- 
