 ------------------------------------------------------------------------------------------------------------------------------------------------------- 
| Snapshot                | WNS                  | TNS                  | Density (%) | Hotspot                   | Resource               | DRVs       |
|                         | HEPG (ns) | ALL (ns) | HEPG (ns) | ALL (ns) |             | Max (bins) | Total (bins) | Real (s) | Memory (MB) | Tran | Cap |
|-------------------------+-----------+----------+-----------+----------+-------------+------------+--------------+----------+-------------+------+-----|
| initial_summary         |           |   -0.410 |           |      -29 |       59.14 |            |              | 0:00:02  |        6514 |    0 |   0 |
| route_type_refinement   |           |          |           |          |             |            |              | 0:00:00  |        6514 |      |     |
| simplify_netlist        |           |          |           |          |             |            |              | 0:00:01  |        6696 |      |     |
| excluded_clk_net_fixing |           |          |           |          |             |            |              | 0:00:00  |        6696 |      |     |
| global_opt              |           |   -0.410 |           |      -29 |       59.14 |            |              | 0:00:02  |        6696 |      |     |
| area_reclaiming         |     0.000 |   -0.404 |         0 |      -29 |       59.13 |            |              | 0:00:02  |        6766 |      |     |
| wns_fixing              |     0.000 |   -0.404 |         0 |      -29 |       59.13 |            |              | 0:00:04  |        6894 |      |     |
| tns_fixing              |     0.000 |   -0.404 |         0 |      -29 |       59.13 |            |              | 0:00:01  |        6894 |      |     |
| area_reclaiming_2       |     0.000 |   -0.404 |         0 |      -29 |       59.13 |            |              | 0:00:02  |        6766 |      |     |
| local_wire_reclaim      |           |          |           |          |             |            |              | 0:00:16  |        6766 |      |     |
| global_route            |           |          |           |          |             |       0.00 |         0.00 | 0:00:02  |        6686 |      |     |
| route_type_refinement_2 |           |          |           |          |             |            |              | 0:00:00  |        6686 |      |     |
| drv_eco_fixing          |     0.000 |   -0.411 |         0 |      -30 |       59.13 |            |              | 0:00:01  |        6696 |    0 |   0 |
| tns_eco_fixing          |     0.000 |   -0.411 |         0 |      -30 |       59.13 |            |              | 0:00:01  |        6824 |      |     |
| final_summary           |           |   -0.411 |           |      -30 |       59.13 |            |              | 0:00:08  |        6696 |    0 |   0 |
 ------------------------------------------------------------------------------------------------------------------------------------------------------- 
