 ------------------------------------------------------------------------------------------------------------------------------------------------------- 
| Snapshot                | WNS                  | TNS                  | Density (%) | Hotspot                   | Resource               | DRVs       |
|                         | HEPG (ns) | ALL (ns) | HEPG (ns) | ALL (ns) |             | Max (bins) | Total (bins) | Real (s) | Memory (MB) | Tran | Cap |
|-------------------------+-----------+----------+-----------+----------+-------------+------------+--------------+----------+-------------+------+-----|
| initial_summary         |           |    0.000 |           |        0 |       59.57 |            |              | 0:00:55  |        3565 |    0 | 240 |
| simplify_netlist        |           |          |           |          |             |            |              | 0:01:06  |        3631 |      |     |
| drv_fixing              |     0.000 |    0.537 |         0 |        0 |       59.45 |            |              | 0:00:29  |        3631 |      |     |
| drv_fixing_2            |     0.000 |    0.537 |         0 |        0 |       59.55 |            |              | 0:00:31  |        3650 |    0 |   0 |
| global_opt              |           |    0.537 |           |        0 |       59.55 |            |              | 0:00:04  |        3650 |      |     |
| area_reclaiming         |     0.000 |    0.537 |         0 |        0 |       59.14 |            |              | 0:00:44  |        3650 |      |     |
| incremental_replacement |           |          |           |          |             |      12.98 |        12.98 | 0:04:48  |        3786 |      |     |
| area_reclaiming_2       |     0.000 |    0.095 |         0 |        0 |       59.14 |            |              | 0:00:06  |        3830 |      |     |
| drv_eco_fixing          |     0.000 |    0.095 |         0 |        0 |       59.14 |            |              | 0:00:05  |        3830 |    0 |   0 |
| final_summary           |           |    0.000 |           |        0 |       59.14 |            |              | 0:00:14  |        3814 |    0 |   0 |
 ------------------------------------------------------------------------------------------------------------------------------------------------------- 
