 ------------------------------------------------------------------------------------------------------------------------------------------------------- 
| Snapshot                | WNS                  | TNS                  | Density (%) | Hotspot                   | Resource               | DRVs       |
|                         | HEPG (ns) | ALL (ns) | HEPG (ns) | ALL (ns) |             | Max (bins) | Total (bins) | Real (s) | Memory (MB) | Tran | Cap |
|-------------------------+-----------+----------+-----------+----------+-------------+------------+--------------+----------+-------------+------+-----|
| initial_summary         |           |   -0.454 |           |      -16 |       59.13 |            |              | 0:00:01  |        6692 |    0 |   0 |
| route_type_refinement   |           |          |           |          |             |            |              | 0:00:00  |        6692 |      |     |
| simplify_netlist        |           |          |           |          |             |            |              | 0:00:00  |        6806 |      |     |
| excluded_clk_net_fixing |           |          |           |          |             |            |              | 0:00:01  |        6806 |      |     |
| global_opt              |           |   -0.451 |           |      -16 |       59.14 |            |              | 0:00:02  |        6806 |      |     |
| area_reclaiming         |     0.000 |   -0.445 |         0 |      -16 |       59.13 |            |              | 0:00:02  |        6886 |      |     |
| wns_fixing              |     0.000 |   -0.445 |         0 |      -16 |       59.13 |            |              | 0:00:03  |        7014 |      |     |
| tns_fixing              |     0.000 |   -0.445 |         0 |      -16 |       59.13 |            |              | 0:00:02  |        7014 |      |     |
| area_reclaiming_2       |     0.000 |   -0.435 |         0 |      -15 |       59.12 |            |              | 0:00:03  |        6886 |      |     |
| local_wire_reclaim      |           |          |           |          |             |            |              | 0:00:16  |        6886 |      |     |
| global_route            |           |          |           |          |             |       0.00 |         0.00 | 0:00:03  |        6797 |      |     |
| route_type_refinement_2 |           |          |           |          |             |            |              | 0:00:00  |        6797 |      |     |
| drv_eco_fixing          |     0.000 |   -0.490 |         0 |      -18 |       59.12 |            |              | 0:00:01  |        6806 |    0 |   0 |
| wns_eco_fixing          |     0.000 |   -0.490 |         0 |      -18 |       59.12 |            |              | 0:00:03  |        6934 |      |     |
| tns_eco_fixing          |     0.000 |   -0.490 |         0 |      -18 |       59.12 |            |              | 0:00:01  |        6934 |      |     |
| final_summary           |           |   -0.490 |           |      -18 |       59.12 |       3.15 |         3.15 | 0:00:08  |        6806 |    0 |   0 |
 ------------------------------------------------------------------------------------------------------------------------------------------------------- 
