============================================================
  Generated by:           Genus(TM) Synthesis Solution 23.11-s100_1
  Generated on:           Aug 07 2025  09:21:25 pm
  Module:                 Main
  Operating conditions:   ixc013g2ng_stdcell_typ_1p20V_25C (balanced_tree)
  Wireload mode:          enclosed
  Area mode:              timing library
============================================================

Timing
--------

Clock Period 
-------------
clk   1640.0 


  Cost    Critical         Violating 
 Group   Path Slack  TNS     Paths   
-------------------------------------
clk             1.1   0.0          0 
default    No paths   0.0            
-------------------------------------
Total                 0.0          0 

Instance Count
--------------
Leaf Instance Count             472 
Physical Instance count           0 
Sequential Instance Count        91 
Combinational Instance Count    381 
Hierarchical Instance Count      15 

Area
----
Cell Area                          7168.416
Physical Cell Area                 0.000
Total Cell Area (Cell+Physical)    7168.416
Net Area                           459.186
Total Area (Cell+Physical+Net)     7627.602

Max Fanout                         91 (clk)
Min Fanout                         0 (result[0][5])
Average Fanout                     2.1
Terms to net ratio                 2.9457
Terms to instance ratio            4.0191
Runtime                            15.932286999999999 seconds
Elapsed Runtime                    16 seconds
Genus peak memory usage            1844.71 
Innovus peak memory usage          no_value 
Hostname                           ei-vm-018.hs-regensburg.de
