============================================================
  Generated by:           Genus(TM) Synthesis Solution 23.11-s100_1
  Generated on:           Aug 07 2025  09:21:25 pm
  Module:                 Main
  Operating conditions:   ixc013g2ng_stdcell_typ_1p20V_25C (balanced_tree)
  Wireload mode:          enclosed
  Area mode:              timing library
============================================================


Path 1: MET (1 ps) Late External Delay Assertion at pin z_p
          Group: clk
     Startpoint: (R) A6M/result_reg[0][0]/C
          Clock: (R) clk
       Endpoint: (F) z_p
          Clock: (R) clk

                     Capture       Launch     
        Clock Edge:+    1640            0     
       Src Latency:+       0            0     
       Net Latency:+       0 (I)        0 (I) 
           Arrival:=    1640            0     
                                              
      Output Delay:-      50                  
       Uncertainty:-      15                  
     Required Time:=    1575                  
      Launch Clock:-       0                  
         Data Path:-    1574                  
             Slack:=       1                  

Exceptions/Constraints:
  output_delay              50             main.sdc_line_35 

#------------------------------------------------------------------------------------------------------------
#           Timing Point             Flags   Arc   Edge    Cell     Fanout Load Trans Delay Arrival Instance 
#                                                                          (fF)  (ps)  (ps)   (ps)  Location 
#------------------------------------------------------------------------------------------------------------
  A6M/result_reg[0][0]/C             -       -     R     (arrival)      91    -    20     0       0    (-,-) 
  A6M/result_reg[0][0]/Q             -       C->Q  R     SDFRRSJIX1      3  8.0    68   255     255    (-,-) 
  AT6/L1_ADD[0].inst_L1/g321__6161/Q -       B->Q  F     NA2JIX1         2  7.4    52    72     326    (-,-) 
  AT6/L1_ADD[0].inst_L1/g306/Q       -       A->Q  R     INJIX2          2 17.6    42    47     373    (-,-) 
  AT6/L1_ADD[0].inst_L1/g305__8428/Q -       A->Q  F     NA2JIX2         1  6.9    32    43     416    (-,-) 
  AT6/L1_ADD[0].inst_L1/g303__6260/Q -       A->Q  R     NA2JIX2         2 13.4    41    38     454    (-,-) 
  AT6/L1_ADD[0].inst_L1/g302__5107/Q -       A->Q  F     NA2JIX1         1  6.9    47    56     511    (-,-) 
  AT6/L1_ADD[0].inst_L1/g300__5477/Q -       A->Q  R     NA2JIX2         2 13.4    46    43     554    (-,-) 
  AT6/L1_ADD[0].inst_L1/g298__7410/Q -       A->Q  F     EO2JIX2         3 14.2    66    67     621    (-,-) 
  AT6/inst_L2/g419/Q                 -       A->Q  R     INVJIX0         1  3.8    41    56     677    (-,-) 
  AT6/inst_L2/g401__6783/Q           -       B->Q  F     NA2I1JIX1       1  3.5    35    54     731    (-,-) 
  AT6/inst_L2/g388__9945/Q           -       B->Q  R     NA2JIX1         1  6.9    40    45     776    (-,-) 
  AT6/inst_L2/g386__6161/Q           -       A->Q  F     NA2JIX2         2 10.3    40    49     825    (-,-) 
  AT6/inst_L2/g384__7482/Q           -       B->Q  R     EO2JIX1         3  8.9    90   102     927    (-,-) 
  AT6/inst_L6_0/g306__3680/Q         -       A->Q  F     NA2JIX0         1  6.6    81   102    1029    (-,-) 
  AT6/inst_L6_0/g297__6417/Q         -       C->Q  R     ON21JIX2        2  7.2    56    47    1076    (-,-) 
  AT6/inst_L6_0/g296__7410/Q         -       C->Q  F     ON21JIX1        1  3.5    41    60    1136    (-,-) 
  AT6/inst_L6_0/g294__2346/Q         -       A->Q  R     NA2JIX1         2  8.3    47    47    1183    (-,-) 
  AT6/inst_L6_0/g292__9945/Q         -       A->Q  F     EO2JIX1         3  8.7    64    74    1258    (-,-) 
  OGF/g262__2883/Q                   -       A->Q  R     NO2JIX1         1  3.7    50    65    1322    (-,-) 
  OGF/g260__9315/Q                   -       A->Q  F     ON21JIX1        2  4.9    46    62    1384    (-,-) 
  OGF/g255__7482/Q                   -       A->Q  R     NA2JIX0         1  6.9    61    64    1448    (-,-) 
  OGF/g253__1881/Q                   -       A->Q  F     NA2JIX2         1 50.2   125   126    1574    (-,-) 
  z_p                                <<<     -     F     (port)          -    -     -     0    1574    (-,-) 
#------------------------------------------------------------------------------------------------------------

