============================================================
  Generated by:           Genus(TM) Synthesis Solution 23.11-s100_1
  Generated on:           Aug 07 2025  09:21:25 pm
  Module:                 Main
  Operating conditions:   ixc013g2ng_stdcell_typ_1p20V_25C (balanced_tree)
  Wireload mode:          enclosed
  Area mode:              timing library
============================================================

       Instance                                   Module                             Cell-Count  Cell-Area  Net-Area   Total-Area  Wireload  
---------------------------------------------------------------------------------------------------------------------------------------------
Main                  NA                                                                    472   7168.416   459.186     7627.602    2k (S)  
  A6M                 ActivationMultiplier_6_IN_WIDTH8_NUM_UNITS6_ACTIVATION_WIDTH8         255   4946.538   223.312     5169.850    1k (S)  
  AT6                 AdderTree_6_WEIGHT_WIDTH8_NUM_UNITS6                                  198   1934.035   106.560     2040.595  0_5k (S)  
    L1_ADD[0].inst_L1 adder_nbit_N5                                                          33    300.544    12.960      313.504  0_1k (S)  
    L1_ADD[1].inst_L1 adder_nbit_N5_158                                                      33    300.544    12.960      313.504  0_1k (S)  
    L1_ADD[2].inst_L1 adder_nbit_N5_157                                                      26    244.878     9.000      253.878  0_1k (S)  
    inst_L2           adder_nbit_N6                                                          39    352.835    14.760      367.595  0_1k (S)  
    inst_L2_extra     adder_nbit_N6_1                                                        24    224.839     8.640      233.479  0_1k (S)  
    inst_L6_0         adder_nbit_N7                                                          35    339.334    11.880      351.214  0_1k (S)  
  OGF                 Out_Gen_Func                                                           19    287.843    10.080      297.923  0_1k (S)  
  (S) = wireload was automatically selected
