 ------------------------------------------------------------------------------------------------------------------------------------------------------- 
| Snapshot                | WNS                  | TNS                  | Density (%) | Hotspot                   | Resource               | DRVs       |
|                         | HEPG (ns) | ALL (ns) | HEPG (ns) | ALL (ns) |             | Max (bins) | Total (bins) | Real (s) | Memory (MB) | Tran | Cap |
|-------------------------+-----------+----------+-----------+----------+-------------+------------+--------------+----------+-------------+------+-----|
| initial_summary         |           |   -1.230 |           |       -9 |       45.61 |            |              | 0:00:00  |        4117 |    0 |   1 |
| route_type_refinement   |           |          |           |          |             |            |              | 0:00:00  |        4119 |      |     |
| simplify_netlist        |           |          |           |          |             |            |              | 0:00:00  |        4130 |      |     |
| drv_fixing              |           |          |           |          |             |            |              | 0:00:00  |        4133 |      |     |
| drv_fixing_2            |     0.000 |   -0.429 |         0 |       -4 |       48.25 |            |              | 0:00:01  |        4207 |    8 |   0 |
| global_opt              |           |    0.009 |           |        0 |       74.27 |            |              | 0:00:01  |        4642 |      |     |
| area_reclaiming         |     0.000 |    0.009 |         0 |        0 |       74.27 |            |              | 0:00:00  |        4638 |      |     |
| incremental_replacement |           |          |           |          |             |       0.00 |         0.00 | 0:00:02  |        4916 |      |     |
| area_reclaiming_2       |     0.075 |    0.006 |         0 |        0 |       74.27 |            |              | 0:00:00  |        4940 |      |     |
| drv_eco_fixing          |     0.075 |   -0.052 |         0 |       -0 |       88.89 |            |              | 0:00:00  |        5029 |    8 |   0 |
| tns_eco_fixing          |     0.075 |    0.007 |         0 |        0 |       74.27 |            |              | 0:00:01  |        5647 |      |     |
| final_summary           |     0.076 |    0.008 |           |        0 |       74.27 |            |              | 0:00:03  |        4985 |    0 |   0 |
 ------------------------------------------------------------------------------------------------------------------------------------------------------- 
