 ------------------------------------------------------------------------------------------------------------------------------------------------------- 
| Snapshot                | WNS                  | TNS                  | Density (%) | Hotspot                   | Resource               | DRVs       |
|                         | HEPG (ns) | ALL (ns) | HEPG (ns) | ALL (ns) |             | Max (bins) | Total (bins) | Real (s) | Memory (MB) | Tran | Cap |
|-------------------------+-----------+----------+-----------+----------+-------------+------------+--------------+----------+-------------+------+-----|
| initial_summary         |    -0.536 |   -0.610 |           |       -2 |       97.57 |            |              | 0:00:00  |        5354 |    1 |   0 |
| route_type_refinement   |           |          |           |          |             |            |              | 0:00:00  |        5354 |      |     |
| simplify_netlist        |           |          |           |          |             |            |              | 0:00:00  |        5355 |      |     |
| excluded_clk_net_fixing |           |          |           |          |             |            |              | 0:00:01  |        5355 |      |     |
| drv_fixing              |    -0.536 |   -0.610 |        -1 |       -2 |       97.57 |            |              | 0:00:01  |        5356 |    2 |   0 |
| global_opt              |           |   -0.610 |           |       -2 |       97.57 |            |              | 0:00:01  |        5379 |      |     |
| area_reclaiming         |    -0.528 |   -0.608 |        -1 |       -2 |       97.19 |            |              | 0:00:00  |        5427 |      |     |
| drv_fixing_2            |    -0.528 |   -0.608 |        -1 |       -2 |       97.19 |            |              | 0:00:00  |        5428 |    1 |   0 |
| wns_fixing              |    -0.473 |   -0.588 |        -1 |       -2 |       97.05 |            |              | 0:00:13  |        6105 |      |     |
| tns_fixing              |    -0.473 |   -0.588 |        -1 |       -2 |       96.98 |            |              | 0:00:02  |        6112 |      |     |
| area_reclaiming_2       |    -0.473 |   -0.588 |        -1 |       -2 |       96.98 |            |              | 0:00:01  |        5545 |      |     |
| area_reclaiming_3       |    -0.473 |   -0.588 |        -1 |       -2 |       96.71 |            |              | 0:00:00  |        5547 |      |     |
| local_wire_reclaim      |           |          |           |          |             |            |              | 0:00:01  |        5515 |      |     |
| global_route            |           |          |           |          |             |       0.00 |         0.00 | 0:00:00  |        5390 |      |     |
| route_type_refinement_2 |           |          |           |          |             |            |              | 0:00:01  |        5390 |      |     |
| drv_eco_fixing          |    -0.475 |   -0.592 |        -1 |       -2 |       96.71 |            |              | 0:00:00  |        5436 |    1 |   0 |
| tns_eco_fixing          |    -0.475 |   -0.592 |        -1 |       -2 |       96.71 |            |              | 0:00:01  |        6042 |      |     |
| final_summary           |    -0.475 |   -0.592 |           |       -2 |       96.71 |            |              | 0:00:07  |        5456 |    1 |   0 |
 ------------------------------------------------------------------------------------------------------------------------------------------------------- 
