 ------------------------------------------------------------------------------------------------------------------------------------------------------- 
| Snapshot                | WNS                  | TNS                  | Density (%) | Hotspot                   | Resource               | DRVs       |
|                         | HEPG (ns) | ALL (ns) | HEPG (ns) | ALL (ns) |             | Max (bins) | Total (bins) | Real (s) | Memory (MB) | Tran | Cap |
|-------------------------+-----------+----------+-----------+----------+-------------+------------+--------------+----------+-------------+------+-----|
| initial_summary         |           |    0.014 |           |        0 |       58.62 |            |              | 0:00:04  |        5563 |    9 | 240 |
| simplify_netlist        |           |          |           |          |             |            |              | 0:00:01  |        5803 |      |     |
| drv_fixing              |     0.000 |    6.207 |         0 |        0 |       58.50 |            |              | 0:00:01  |        5803 |      |     |
| drv_fixing_2            |     0.000 |    6.207 |         0 |        0 |       58.63 |            |              | 0:00:02  |        5908 |    0 |   0 |
| global_opt              |           |    6.207 |           |        0 |       58.63 |            |              | 0:00:01  |        5908 |      |     |
| area_reclaiming         |     0.000 |    6.207 |         0 |        0 |       58.23 |            |              | 0:00:04  |        5908 |      |     |
| incremental_replacement |           |          |           |          |             |       0.00 |         0.00 | 0:00:31  |        6119 |      |     |
| area_reclaiming_2       |     0.000 |    6.251 |         0 |        0 |       58.23 |            |              | 0:00:02  |        6143 |      |     |
| drv_eco_fixing          |     0.000 |    6.251 |         0 |        0 |       58.23 |            |              | 0:00:01  |        6143 |    0 |   0 |
| final_summary           |           |    0.014 |           |        0 |       58.23 |            |              | 0:00:08  |        6143 |    0 |   0 |
 ------------------------------------------------------------------------------------------------------------------------------------------------------- 
