 ------------------------------------------------------------------------------------------------------------------------------------------------------- 
| Snapshot                | WNS                  | TNS                  | Density (%) | Hotspot                   | Resource               | DRVs       |
|                         | HEPG (ns) | ALL (ns) | HEPG (ns) | ALL (ns) |             | Max (bins) | Total (bins) | Real (s) | Memory (MB) | Tran | Cap |
|-------------------------+-----------+----------+-----------+----------+-------------+------------+--------------+----------+-------------+------+-----|
| initial_summary         |           |    0.000 |           |        0 |       59.12 |            |              | 0:00:12  |        3961 |    0 |   0 |
| route_type_refinement   |           |          |           |          |             |            |              | 0:00:01  |        3961 |      |     |
| simplify_netlist        |           |          |           |          |             |            |              | 0:00:05  |        3977 |      |     |
| excluded_clk_net_fixing |           |          |           |          |             |            |              | 0:00:00  |        3977 |      |     |
| global_opt              |           |    0.184 |           |        0 |       59.12 |            |              | 0:00:04  |        3977 |      |     |
| area_reclaiming         |     0.000 |    0.184 |         0 |        0 |       59.12 |            |              | 0:00:23  |        3987 |      |     |
| area_reclaiming_2       |     0.000 |    0.184 |         0 |        0 |       59.11 |            |              | 0:00:23  |        3971 |      |     |
| local_wire_reclaim      |           |          |           |          |             |            |              | 0:01:15  |        3955 |      |     |
| global_route            |           |          |           |          |             |       0.00 |         0.00 | 0:00:11  |        3951 |      |     |
| route_type_refinement_2 |           |          |           |          |             |            |              | 0:00:00  |        3951 |      |     |
| drv_eco_fixing          |     0.000 |    0.163 |         0 |        0 |       59.11 |            |              | 0:00:08  |        3961 |    0 |   0 |
| final_summary           |           |    0.000 |           |        0 |       59.11 |            |              | 0:00:16  |        3961 |    0 |   0 |
 ------------------------------------------------------------------------------------------------------------------------------------------------------- 
