 ------------------------------------------------------------------------------------------------------------------------------------------------------- 
| Snapshot                | WNS                  | TNS                  | Density (%) | Hotspot                   | Resource               | DRVs       |
|                         | HEPG (ns) | ALL (ns) | HEPG (ns) | ALL (ns) |             | Max (bins) | Total (bins) | Real (s) | Memory (MB) | Tran | Cap |
|-------------------------+-----------+----------+-----------+----------+-------------+------------+--------------+----------+-------------+------+-----|
| initial_summary         |           |   -0.916 |           |       -3 |       79.78 |            |              | 0:00:01  |        4351 |   16 |   0 |
| simplify_netlist        |           |          |           |          |             |            |              | 0:00:01  |        4365 |      |     |
| drv_fixing              |           |          |           |          |             |            |              | 0:00:01  |        4368 |      |     |
| drv_fixing_2            |     0.000 |   -0.945 |         0 |       -4 |       82.06 |            |              | 0:00:00  |        4559 |    0 |   0 |
| global_opt              |           |   -0.781 |           |       -3 |       83.07 |            |              | 0:00:00  |        4617 |      |     |
| area_reclaiming         |     0.000 |   -0.776 |         0 |       -3 |       82.78 |            |              | 0:00:00  |        4606 |      |     |
| incremental_replacement |    -0.783 |   -0.783 |           |       -3 |             |       0.00 |         0.00 | 0:00:02  |        4758 |      |     |
| tns_fixing              |    -0.563 |   -0.586 |        -1 |       -2 |       86.51 |            |              | 0:00:01  |        5692 |      |     |
| wns_fixing              |    -0.343 |   -0.385 |        -1 |       -2 |       95.08 |            |              | 0:00:19  |        5720 |      |     |
| tns_fixing_2            |    -0.344 |   -0.386 |        -1 |       -1 |       98.06 |            |              | 0:00:03  |        5717 |      |     |
| area_reclaiming_2       |    -0.344 |   -0.386 |        -1 |       -1 |       98.06 |            |              | 0:00:00  |        5175 |      |     |
| area_reclaiming_3       |    -0.353 |   -0.380 |        -1 |       -1 |       96.41 |            |              | 0:00:01  |        5174 |      |     |
| drv_eco_fixing          |    -0.353 |   -0.380 |        -1 |       -1 |       96.41 |            |              | 0:00:00  |        5176 |    5 |   0 |
| tns_eco_fixing          |    -0.353 |   -0.380 |        -1 |       -1 |       96.41 |            |              | 0:00:01  |        5721 |      |     |
| final_summary           |    -0.354 |   -0.380 |           |       -1 |       96.41 |            |              | 0:00:07  |        5036 |    1 |   0 |
 ------------------------------------------------------------------------------------------------------------------------------------------------------- 
