 ------------------------------------------------------------------------------------------------------------------------------------------------------- 
| Snapshot                | WNS                  | TNS                  | Density (%) | Hotspot                   | Resource               | DRVs       |
|                         | HEPG (ns) | ALL (ns) | HEPG (ns) | ALL (ns) |             | Max (bins) | Total (bins) | Real (s) | Memory (MB) | Tran | Cap |
|-------------------------+-----------+----------+-----------+----------+-------------+------------+--------------+----------+-------------+------+-----|
| initial_summary         |           |    0.000 |           |        0 |       33.80 |            |              | 0:00:03  |        5767 |    0 |   0 |
| route_type_refinement   |           |          |           |          |             |            |              | 0:00:00  |        5767 |      |     |
| simplify_netlist        |           |          |           |          |             |            |              | 0:00:01  |        5938 |      |     |
| excluded_clk_net_fixing |           |          |           |          |             |            |              | 0:00:00  |        5938 |      |     |
| global_opt              |           |    0.267 |           |        0 |       33.80 |            |              | 0:00:01  |        5938 |      |     |
| area_reclaiming         |     0.000 |    0.267 |         0 |        0 |       33.80 |            |              | 0:00:01  |        5938 |      |     |
| area_reclaiming_2       |     0.000 |    0.267 |         0 |        0 |       33.80 |            |              | 0:00:02  |        5938 |      |     |
| local_wire_reclaim      |           |          |           |          |             |            |              | 0:00:18  |        5938 |      |     |
| global_route            |           |          |           |          |             |       0.00 |         0.00 | 0:00:02  |        5929 |      |     |
| route_type_refinement_2 |           |          |           |          |             |            |              | 0:00:00  |        5929 |      |     |
| drv_eco_fixing          |     0.000 |    0.267 |         0 |        0 |       33.80 |            |              | 0:00:00  |        5938 |    0 |   0 |
| final_summary           |           |    0.000 |           |        0 |       33.80 |            |              | 0:00:07  |        5938 |    0 |   0 |
 ------------------------------------------------------------------------------------------------------------------------------------------------------- 
