
 --------------------------------------------------------------------------------------------------------------------------- 
| Snapshot                | WNS                  | TNS                  | Density (%) | Resource               | DRVs       |
|                         | HEPG (ns) | ALL (ns) | HEPG (ns) | ALL (ns) |             | Real (s) | Memory (MB) | Tran | Cap |
|-------------------------+-----------+----------+-----------+----------+-------------+----------+-------------+------+-----|
| initial_summary         |           |    0.000 |           |        0 |       59.17 | 0:00:42  |        4644 |    0 |   0 |
| route_type_refinement   |           |          |           |          |             | 0:00:02  |        4644 |      |     |
| simplify_netlist        |           |          |           |          |             | 0:00:05  |        4644 |      |     |
| excluded_clk_net_fixing |           |          |           |          |             | 0:00:00  |        4644 |      |     |
| global_opt              |           |    0.281 |           |        0 |       59.17 | 0:00:04  |        4644 |      |     |
| area_reclaiming         |     0.000 |    0.281 |         0 |        0 |       59.16 | 0:00:20  |        4664 |      |     |
| area_reclaiming_2       |     0.000 |    0.281 |         0 |        0 |       59.16 | 0:00:18  |        4664 |      |     |
| local_wire_reclaim      |           |          |           |          |             | 0:01:14  |        4648 |      |     |
 --------------------------------------------------------------------------------------------------------------------------- 
