 ------------------------------------------------------------------------------------------------------------------------------------------------------- 
| Snapshot                | WNS                  | TNS                  | Density (%) | Hotspot                   | Resource               | DRVs       |
|                         | HEPG (ns) | ALL (ns) | HEPG (ns) | ALL (ns) |             | Max (bins) | Total (bins) | Real (s) | Memory (MB) | Tran | Cap |
|-------------------------+-----------+----------+-----------+----------+-------------+------------+--------------+----------+-------------+------+-----|
| initial_summary         |           |   -0.409 |           |      -15 |       59.15 |            |              | 0:00:04  |        6520 |    0 |   0 |
| route_type_refinement   |           |          |           |          |             |            |              | 0:00:00  |        6520 |      |     |
| simplify_netlist        |           |          |           |          |             |            |              | 0:00:01  |        6692 |      |     |
| excluded_clk_net_fixing |           |          |           |          |             |            |              | 0:00:00  |        6692 |      |     |
| global_opt              |           |   -0.432 |           |      -16 |       59.15 |            |              | 0:00:01  |        6692 |      |     |
| area_reclaiming         |     0.000 |   -0.432 |         0 |      -16 |       59.14 |            |              | 0:00:02  |        6772 |      |     |
| wns_fixing              |     0.000 |   -0.432 |         0 |      -16 |       59.14 |            |              | 0:00:03  |        6900 |      |     |
| tns_fixing              |     0.000 |   -0.432 |         0 |      -16 |       59.14 |            |              | 0:00:02  |        6900 |      |     |
| area_reclaiming_2       |     0.000 |   -0.432 |         0 |      -16 |       59.13 |            |              | 0:00:03  |        6772 |      |     |
| local_wire_reclaim      |           |          |           |          |             |            |              | 0:00:17  |        6772 |      |     |
| global_route            |           |          |           |          |             |       0.00 |         0.00 | 0:00:02  |        6682 |      |     |
| route_type_refinement_2 |           |          |           |          |             |            |              | 0:00:01  |        6682 |      |     |
| drv_eco_fixing          |     0.000 |   -0.454 |         0 |      -16 |       59.13 |            |              | 0:00:01  |        6692 |    0 |   0 |
| tns_eco_fixing          |     0.000 |   -0.454 |         0 |      -16 |       59.13 |            |              | 0:00:01  |        6820 |      |     |
| final_summary           |           |   -0.454 |           |      -16 |       59.13 |            |              | 0:00:07  |        6692 |    0 |   0 |
 ------------------------------------------------------------------------------------------------------------------------------------------------------- 
