 ------------------------------------------------------------------------------------------------------------------------------------------------------- 
| Snapshot                | WNS                  | TNS                  | Density (%) | Hotspot                   | Resource               | DRVs       |
|                         | HEPG (ns) | ALL (ns) | HEPG (ns) | ALL (ns) |             | Max (bins) | Total (bins) | Real (s) | Memory (MB) | Tran | Cap |
|-------------------------+-----------+----------+-----------+----------+-------------+------------+--------------+----------+-------------+------+-----|
| initial_summary         |           |   -2.248 |           |     -146 |       84.86 |            |              | 0:00:01  |        4375 |    1 |   1 |
| simplify_netlist        |           |          |           |          |             |            |              | 0:00:01  |        4395 |      |     |
| drv_fixing              |           |          |           |          |             |            |              | 0:00:00  |        4396 |      |     |
| area_reclaiming         |     0.000 |   -2.248 |         0 |     -145 |       84.38 |            |              | 0:00:01  |        4468 |      |     |
| drv_fixing_2            |     0.000 |   -2.248 |         0 |     -145 |       84.54 |            |              | 0:00:01  |        4490 |    0 |   0 |
| global_opt              |           |   -0.831 |           |       -3 |       85.95 |            |              | 0:00:02  |        4625 |      |     |
| area_reclaiming_2       |     0.000 |   -0.819 |         0 |       -3 |       85.91 |            |              | 0:00:00  |        4623 |      |     |
| incremental_replacement |    -0.804 |   -0.804 |           |       -3 |             |       0.00 |         0.00 | 0:00:03  |        4782 |      |     |
| tns_fixing              |    -0.783 |   -0.783 |        -2 |       -3 |       86.31 |            |              | 0:00:02  |        5582 |      |     |
| wns_fixing              |    -0.863 |   -0.901 |        -6 |       -8 |       94.11 |            |              | 0:00:36  |        5674 |      |     |
| tns_fixing_2            |    -0.891 |   -0.903 |        -3 |       -4 |       94.84 |            |              | 0:00:04  |        5641 |      |     |
| area_reclaiming_3       |    -0.891 |   -0.903 |        -3 |       -4 |       94.42 |            |              | 0:00:01  |        5096 |      |     |
| area_reclaiming_4       |    -0.887 |   -0.900 |        -3 |       -4 |       94.29 |            |              | 0:00:00  |        5097 |      |     |
| drv_eco_fixing          |    -0.887 |   -0.900 |        -3 |       -4 |       94.36 |            |              | 0:00:00  |        5097 |    0 |   0 |
| tns_eco_fixing          |    -0.682 |   -0.720 |        -2 |       -3 |       94.38 |            |              | 0:00:02  |        5657 |      |     |
| final_summary           |    -0.682 |   -0.719 |           |       -3 |       94.38 |            |              | 0:00:06  |        5000 |    0 |   0 |
 ------------------------------------------------------------------------------------------------------------------------------------------------------- 
