 -------------------------------------------------------------------------------------------------- 
| Snapshot           | WNS               | TNS | Density (%) | Resource               | DRVs       |
|                    | HEPG (ns) | ALL (ns)    |             | Real (s) | Memory (MB) | Tran | Cap |
|--------------------+-----------+-------+-----+-------------+----------+-------------+------+-----|
| initial_summary    |     0.061 | 0.042 |   0 |       94.81 | 0:00:02  |        5626 |    0 |   0 |
| ccopt_pro          |           |       |     |             | 0:00:02  |        8819 |      |     |
| route_type_fixing  |           |       |     |             | 0:00:00  |        6131 |      |     |
| pre_route_summary  |     0.061 | 0.042 |   0 |       94.81 | 0:00:00  |        6164 |    0 |   0 |
| eco_route          |           |       |     |             | 0:00:01  |        6169 |      |     |
| post_route_summary |     0.061 | 0.042 |   0 |       94.81 | 0:00:01  |        5663 |    0 |   0 |
| final_summary      |     0.061 | 0.042 |   0 |       94.81 | 0:00:07  |        5664 |    0 |   0 |
 -------------------------------------------------------------------------------------------------- 
