 -------------------------------------------------------------------------------------- 
| Snapshot           | WNS   | TNS | Density (%) | Resource               | DRVs       |
|                    | ALL (ns)    |             | Real (s) | Memory (MB) | Tran | Cap |
|--------------------+-------+-----+-------------+----------+-------------+------+-----|
| initial_summary    | 0.000 |   0 |       33.79 | 0:00:37  |        4463 |    0 |   0 |
| ccopt_pro          |       |     |             | 0:00:08  |        4607 |      |     |
| route_type_fixing  |       |     |             | 0:00:01  |        4591 |      |     |
| pre_route_summary  | 0.000 |   0 |       33.79 | 0:00:01  |        4607 |    0 |   0 |
| eco_route          |       |     |             | 0:00:44  |        4607 |      |     |
| post_route_summary | 0.000 |   0 |       33.79 | 0:00:14  |        4482 |    0 |   0 |
| final_summary      | 0.000 |   0 |       33.79 | 0:00:17  |        4482 |    0 |   0 |
 -------------------------------------------------------------------------------------- 
