 ------------------------------------------------------------------------------------------------------------------------------------------------------- 
| Snapshot                | WNS                  | TNS                  | Density (%) | Hotspot                   | Resource               | DRVs       |
|                         | HEPG (ns) | ALL (ns) | HEPG (ns) | ALL (ns) |             | Max (bins) | Total (bins) | Real (s) | Memory (MB) | Tran | Cap |
|-------------------------+-----------+----------+-----------+----------+-------------+------------+--------------+----------+-------------+------+-----|
| initial_summary         |           |   -0.069 |           |       -2 |       59.57 |            |              | 0:00:04  |        5770 |    0 | 240 |
| simplify_netlist        |           |          |           |          |             |            |              | 0:00:01  |        5990 |      |     |
| drv_fixing              |     0.000 |   -0.070 |         0 |       -2 |       59.45 |            |              | 0:00:01  |        5990 |      |     |
| drv_fixing_2            |     0.000 |   -0.070 |         0 |       -2 |       59.56 |            |              | 0:00:03  |        6103 |    0 |   0 |
| global_opt              |           |   -0.070 |           |       -2 |       59.56 |            |              | 0:00:02  |        6103 |      |     |
| area_reclaiming         |     0.000 |   -0.070 |         0 |       -2 |       59.15 |            |              | 0:00:04  |        6119 |      |     |
| incremental_replacement |           |   -0.392 |           |      -13 |             |       3.15 |         3.15 | 0:00:35  |        6306 |      |     |
| tns_fixing              |     0.000 |   -0.392 |         0 |      -13 |       59.15 |            |              | 0:00:01  |        6458 |      |     |
| wns_fixing              |     0.000 |   -0.392 |         0 |      -13 |       59.15 |            |              | 0:00:01  |        6466 |      |     |
| tns_fixing_2            |     0.000 |   -0.392 |         0 |      -13 |       59.15 |            |              | 0:00:02  |        6466 |      |     |
| area_reclaiming_2       |     0.000 |   -0.392 |         0 |      -13 |       59.15 |            |              | 0:00:01  |        6338 |      |     |
| drv_eco_fixing          |     0.000 |   -0.392 |         0 |      -13 |       59.15 |            |              | 0:00:01  |        6338 |    0 |   0 |
| tns_eco_fixing          |     0.000 |   -0.392 |         0 |      -13 |       59.15 |            |              | 0:00:01  |        6466 |      |     |
| final_summary           |           |   -0.392 |           |      -13 |       59.15 |            |              | 0:00:07  |        6330 |    0 |   0 |
 ------------------------------------------------------------------------------------------------------------------------------------------------------- 
