 ------------------------------------------------------------------------------------------------------------------------------------------------------- 
| Snapshot                | WNS                  | TNS                  | Density (%) | Hotspot                   | Resource               | DRVs       |
|                         | HEPG (ns) | ALL (ns) | HEPG (ns) | ALL (ns) |             | Max (bins) | Total (bins) | Real (s) | Memory (MB) | Tran | Cap |
|-------------------------+-----------+----------+-----------+----------+-------------+------------+--------------+----------+-------------+------+-----|
| initial_summary         |           |   -0.604 |           |       -1 |       79.95 |            |              | 0:00:00  |        4693 |   16 |   0 |
| simplify_netlist        |           |          |           |          |             |            |              | 0:00:01  |        4706 |      |     |
| drv_fixing              |           |          |           |          |             |            |              | 0:00:01  |        4711 |      |     |
| drv_fixing_2            |     0.000 |   -0.604 |         0 |       -1 |       82.46 |            |              | 0:00:01  |        4885 |    0 |   0 |
| global_opt              |           |   -0.459 |           |       -1 |       83.06 |            |              | 0:00:01  |        4956 |      |     |
| area_reclaiming         |     0.000 |   -0.393 |         0 |       -1 |       82.85 |            |              | 0:00:00  |        4954 |      |     |
| incremental_replacement |    -0.440 |   -0.440 |           |       -1 |             |       0.00 |         0.00 | 0:00:02  |        5087 |      |     |
| tns_fixing              |    -0.148 |   -0.148 |        -0 |       -0 |       90.24 |            |              | 0:00:02  |        6032 |      |     |
| wns_fixing              |     0.074 |    0.050 |         0 |        0 |       93.71 |            |              | 0:00:12  |        6063 |      |     |
| area_reclaiming_2       |     0.012 |    0.008 |         0 |        0 |       90.74 |            |              | 0:00:00  |        5516 |      |     |
| drv_eco_fixing          |     0.012 |    0.008 |         0 |        0 |       90.76 |            |              | 0:00:01  |        5516 |    0 |   0 |
| final_summary           |     0.013 |    0.009 |           |        0 |       90.76 |            |              | 0:00:01  |        5348 |    0 |   0 |
 ------------------------------------------------------------------------------------------------------------------------------------------------------- 
