 ------------------------------------------------------------------------------------------------------------------------------------------------------- 
| Snapshot                | WNS                  | TNS                  | Density (%) | Hotspot                   | Resource               | DRVs       |
|                         | HEPG (ns) | ALL (ns) | HEPG (ns) | ALL (ns) |             | Max (bins) | Total (bins) | Real (s) | Memory (MB) | Tran | Cap |
|-------------------------+-----------+----------+-----------+----------+-------------+------------+--------------+----------+-------------+------+-----|
| initial_summary         |     0.483 |    0.483 |           |        0 |       83.03 |            |              | 0:00:01  |        4974 |    0 |   0 |
| route_type_refinement   |           |          |           |          |             |            |              | 0:00:00  |        4976 |      |     |
| simplify_netlist        |           |          |           |          |             |            |              | 0:00:01  |        4991 |      |     |
| excluded_clk_net_fixing |           |          |           |          |             |            |              | 0:00:00  |        4991 |      |     |
| global_opt              |           |    0.483 |           |        0 |       83.03 |            |              | 0:00:00  |        5025 |      |     |
| area_reclaiming         |     0.483 |    0.483 |         0 |        0 |       83.03 |            |              | 0:00:01  |        5027 |      |     |
| area_reclaiming_2       |     0.483 |    0.483 |         0 |        0 |       82.95 |            |              | 0:00:01  |        5031 |      |     |
| area_reclaiming_3       |     0.483 |    0.483 |         0 |        0 |       82.95 |            |              | 0:00:00  |        5032 |      |     |
| local_wire_reclaim      |           |          |           |          |             |            |              | 0:00:00  |        5000 |      |     |
| global_route            |           |          |           |          |             |       0.00 |         0.00 | 0:00:01  |        4953 |      |     |
| route_type_refinement_2 |           |          |           |          |             |            |              | 0:00:00  |        4953 |      |     |
| drv_eco_fixing          |     0.531 |    0.531 |         0 |        0 |       83.03 |            |              | 0:00:01  |        5065 |    0 |   0 |
| final_summary           |     0.531 |    0.531 |           |        0 |       83.03 |            |              | 0:00:07  |        5060 |    0 |   0 |
 ------------------------------------------------------------------------------------------------------------------------------------------------------- 
