
Power Net Detected:
        Voltage	    Name
             0V	    VSS
          1.08V	    VDD
Using Power View: WORST_CASE.
AAE_INFO: opIsDesignInPostRouteState() is 1
#################################################################################
# Design Stage: PostRoute
# Design Name: Main
# Design Mode: 130nm
# Analysis Mode: MMMC OCV 
# Parasitics Mode: SPEF/RCDB 
# Signoff Settings: SI Off 
#################################################################################
Start delay calculation (fullDC) (8 T). (MEM=3508.02)
Total number of fetched objects 498
AAE_INFO: Total number of nets for which stage creation was skipped for all views 0
End delay calculation. (MEM=3555.53 CPU=0:00:00.1 REAL=0:00:00.0)
End delay calculation (fullDC). (MEM=3555.53 CPU=0:00:00.2 REAL=0:00:00.0)
Load RC corner of view WORST_CASE

Begin Power Analysis

             0V	    VSS
          1.08V	    VDD

Begin Processing Timing Library for Power Calculation

Ended Processing Timing Library for Power Calculation: (cpu=0:00:00, real=0:00:00, mem(process/total/peak)=3513.78MB/7006.87MB/3535.44MB)



Begin Processing Power Net/Grid for Power Calculation

Ended Processing Power Net/Grid for Power Calculation: (cpu=0:00:00, real=0:00:00, mem(process/total/peak)=3513.78MB/7006.87MB/3535.44MB)

Begin Processing Timing Window Data for Power Calculation

clk(200MHz) CK: assigning clock clk to net clk
Ended Processing Timing Window Data for Power Calculation: (cpu=0:00:00, real=0:00:00, mem(process/total/peak)=3533.77MB/7526.90MB/3535.44MB)

Begin Processing User Attributes

Ended Processing User Attributes: (cpu=0:00:00, real=0:00:00, mem(process/total/peak)=3533.90MB/7526.90MB/3535.44MB)

Begin Processing Signal Activity


Starting Levelizing
2025-Aug-07 22:31:19 (2025-Aug-07 20:31:19 GMT)
2025-Aug-07 22:31:19 (2025-Aug-07 20:31:19 GMT): 10%
2025-Aug-07 22:31:19 (2025-Aug-07 20:31:19 GMT): 20%
2025-Aug-07 22:31:19 (2025-Aug-07 20:31:19 GMT): 30%
2025-Aug-07 22:31:19 (2025-Aug-07 20:31:19 GMT): 40%
2025-Aug-07 22:31:19 (2025-Aug-07 20:31:19 GMT): 50%
2025-Aug-07 22:31:19 (2025-Aug-07 20:31:19 GMT): 60%
2025-Aug-07 22:31:19 (2025-Aug-07 20:31:19 GMT): 70%
2025-Aug-07 22:31:19 (2025-Aug-07 20:31:19 GMT): 80%
2025-Aug-07 22:31:19 (2025-Aug-07 20:31:19 GMT): 90%

Finished Levelizing
2025-Aug-07 22:31:19 (2025-Aug-07 20:31:19 GMT)

Starting Activity Propagation
2025-Aug-07 22:31:19 (2025-Aug-07 20:31:19 GMT)
** INFO:  (VOLTUS_POWR-1356): No default input activity has been set. Defaulting to 0.2.
Use 'set_default_switching_activity -input_activity' command to change the default activity value.

2025-Aug-07 22:31:19 (2025-Aug-07 20:31:19 GMT): 10%
2025-Aug-07 22:31:19 (2025-Aug-07 20:31:19 GMT): 20%

Finished Activity Propagation
2025-Aug-07 22:31:19 (2025-Aug-07 20:31:19 GMT)
Ended Processing Signal Activity: (cpu=0:00:00, real=0:00:00, mem(process/total/peak)=3533.90MB/7526.90MB/3535.44MB)

Begin Power Computation

      ----------------------------------------------------------
      # of cell(s) missing both power/leakage table: 0
      # of cell(s) missing power table: 0
      # of cell(s) missing leakage table: 0
      ----------------------------------------------------------



Starting Calculating power
2025-Aug-07 22:31:19 (2025-Aug-07 20:31:19 GMT)
2025-Aug-07 22:31:19 (2025-Aug-07 20:31:19 GMT): 10%
2025-Aug-07 22:31:19 (2025-Aug-07 20:31:19 GMT): 20%
2025-Aug-07 22:31:19 (2025-Aug-07 20:31:19 GMT): 30%
2025-Aug-07 22:31:19 (2025-Aug-07 20:31:19 GMT): 40%
2025-Aug-07 22:31:19 (2025-Aug-07 20:31:19 GMT): 50%
2025-Aug-07 22:31:19 (2025-Aug-07 20:31:19 GMT): 60%
2025-Aug-07 22:31:19 (2025-Aug-07 20:31:19 GMT): 70%
2025-Aug-07 22:31:19 (2025-Aug-07 20:31:19 GMT): 80%
2025-Aug-07 22:31:19 (2025-Aug-07 20:31:19 GMT): 90%

Finished Calculating power
2025-Aug-07 22:31:19 (2025-Aug-07 20:31:19 GMT)
      # of MSMV cell(s) missing power_level: 0
Ended Power Computation: (cpu=0:00:00, real=0:00:00, mem(process/total/peak)=3544.49MB/7614.94MB/3544.49MB)

Begin Processing User Attributes

Begin Processing set_power
Ended Processing set_power: (cpu=0:00:00, real=0:00:00,
mem(process/total/peak)=3544.74MB/7614.94MB/3544.74MB)
Ended Processing User Attributes: (cpu=0:00:00, real=0:00:00, mem(process/total/peak)=3544.74MB/7614.94MB/3544.74MB)

Ended Power Analysis: (cpu=0:00:00, real=0:00:00, mem(process/total/peak)=3544.74MB/7614.94MB/3544.74MB)

Begin Boundary Leakage Calculation
Ended Boundary Leakage Calculation: (cpu=0:00:00, real=0:00:00,
mem(process/total/peak)=3544.74MB/7614.94MB/3544.74MB)
Begin Static Power Report Generation
*----------------------------------------------------------------------------------------
*	Innovus 23.31-s109_1 (64bit) 04/22/2024 16:02 (Linux 3.10.0-693.el7.x86_64)
*	
*
* 	Date & Time:	2025-Aug-07 22:31:19 (2025-Aug-07 20:31:19 GMT)
*
*----------------------------------------------------------------------------------------
*
*	Design: Main
*
*	Liberty Libraries used:
*	        WORST_CASE: /eda/cadence/pdks/ihp_sg13g2/ixc013g2ng_stdcell/lib/ixc013g2ng_stdcell_slow_1p08V_125C.lib
*
*	Parasitic Files used:
*
*       Power View : WORST_CASE
*
*       User-Defined Activity : N.A.
*
*       Activity File: N.A.
*
*       Hierarchical Global Activity: N.A.
*
*       Global Activity: N.A.
*
*       Sequential Element Activity: 0.200000
*
*       Primary Input Activity: 0.200000
*
*       Default icg ratio: N.A.
*
*       Global Comb ClockGate Ratio: N.A.
*
*	Power Units = 1mW
*
*	Time Units = 1e-09 secs
*
*       report_power
*
-----------------------------------------------------------------------------------------
*



Total Power
-----------------------------------------------------------------------------------------
Total Internal Power:        0.42941335 	   65.4276%
Total Switching Power:       0.14619867 	   22.2756%
Total Leakage Power:         0.08070650 	   12.2969%
Total Power:                 0.65631852
-----------------------------------------------------------------------------------------


Group                           Internal   Switching     Leakage       Total  Percentage 
                                Power      Power         Power         Power  (%)        
-----------------------------------------------------------------------------------------
Sequential                        0.3324     0.03215     0.08054       0.445       67.81
Macro                                  0           0           0           0           0
IO                                     0           0           0           0           0
Combinational                    0.09706       0.114    0.000168      0.2113       32.19
Clock (Combinational)                  0           0           0           0           0
Clock (Sequential)                     0           0           0           0           0
-----------------------------------------------------------------------------------------
Total                             0.4294      0.1462     0.08071      0.6563         100
-----------------------------------------------------------------------------------------


Rail                  Voltage   Internal   Switching     Leakage       Total  Percentage 
                                Power      Power         Power         Power  (%)        
-----------------------------------------------------------------------------------------
VDD                      1.08     0.4294      0.1462     0.08071      0.6563         100
 
 
-----------------------------------------------------------------------------------------
*	Power Distribution Summary: 
*              Highest Average Power:            OGF/g253__1881 (NA2JIX1):           0.0105
*              Highest Leakage Power:        AT6/sum_out_reg[3] (SDFRQJIX1):          0.00275
*                Total Cap:      4.24268e-12 F
*                Total instances in design:   426
*                Total instances in design with no power:     0
*                Total instances in design with no activty:     0

*                Total Fillers and Decap:     0
-----------------------------------------------------------------------------------------
 
** INFO:  (VOLTUS_POWR-3465): There are 0 decaps and 0 fillers in the design

Ended Static Power Report Generation: (cpu=0:00:00, real=0:00:00,
mem(process/total/peak)=3545.43MB/7614.94MB/3545.43MB)

