 ------------------------------------------------------------------------------------------------------------------------------------------------------- 
| Snapshot                | WNS                  | TNS                  | Density (%) | Hotspot                   | Resource               | DRVs       |
|                         | HEPG (ns) | ALL (ns) | HEPG (ns) | ALL (ns) |             | Max (bins) | Total (bins) | Real (s) | Memory (MB) | Tran | Cap |
|-------------------------+-----------+----------+-----------+----------+-------------+------------+--------------+----------+-------------+------+-----|
| initial_summary         |     0.531 |    0.531 |           |        0 |       83.03 |            |              | 0:00:00  |        5066 |    0 |   0 |
| route_type_refinement   |           |          |           |          |             |            |              | 0:00:01  |        5067 |      |     |
| simplify_netlist        |           |          |           |          |             |            |              | 0:00:00  |        5073 |      |     |
| excluded_clk_net_fixing |           |          |           |          |             |            |              | 0:00:00  |        5073 |      |     |
| global_opt              |           |    0.531 |           |        0 |       83.03 |            |              | 0:00:01  |        5108 |      |     |
| area_reclaiming         |     0.531 |    0.531 |         0 |        0 |       83.03 |            |              | 0:00:00  |        5111 |      |     |
| area_reclaiming_2       |     0.531 |    0.531 |         0 |        0 |       82.95 |            |              | 0:00:01  |        5113 |      |     |
| area_reclaiming_3       |     0.531 |    0.531 |         0 |        0 |       82.95 |            |              | 0:00:01  |        5114 |      |     |
| local_wire_reclaim      |           |          |           |          |             |            |              | 0:00:00  |        5082 |      |     |
| global_route            |           |          |           |          |             |       0.00 |         0.00 | 0:00:00  |        5063 |      |     |
| route_type_refinement_2 |           |          |           |          |             |            |              | 0:00:00  |        5063 |      |     |
| drv_eco_fixing          |     0.533 |    0.533 |         0 |        0 |       83.03 |            |              | 0:00:01  |        5137 |    0 |   0 |
| final_summary           |     0.533 |    0.533 |           |        0 |       83.03 |            |              | 0:00:07  |        5144 |    0 |   0 |
 ------------------------------------------------------------------------------------------------------------------------------------------------------- 
