 ------------------------------------------------------------------------------------------------------------------------------------------------------- 
| Snapshot                | WNS                  | TNS                  | Density (%) | Hotspot                   | Resource               | DRVs       |
|                         | HEPG (ns) | ALL (ns) | HEPG (ns) | ALL (ns) |             | Max (bins) | Total (bins) | Real (s) | Memory (MB) | Tran | Cap |
|-------------------------+-----------+----------+-----------+----------+-------------+------------+--------------+----------+-------------+------+-----|
| initial_summary         |           |    0.000 |           |        0 |       59.57 |            |              | 0:00:36  |        4440 |    0 | 240 |
| simplify_netlist        |           |          |           |          |             |            |              | 0:00:12  |        4575 |      |     |
| drv_fixing              |     0.000 |    0.480 |         0 |        0 |       59.45 |            |              | 0:00:03  |        4575 |      |     |
| drv_fixing_2            |     0.000 |    0.480 |         0 |        0 |       59.53 |            |              | 0:00:21  |        4624 |    0 |   0 |
| global_opt              |           |    0.480 |           |        0 |       59.53 |            |              | 0:00:05  |        4624 |      |     |
| area_reclaiming         |     0.000 |    0.480 |         0 |        0 |       59.13 |            |              | 0:00:28  |        4640 |      |     |
| incremental_replacement |           |          |           |          |             |       3.15 |         3.15 | 0:03:13  |        4852 |      |     |
| area_reclaiming_2       |     0.000 |    0.257 |         0 |        0 |       59.13 |            |              | 0:00:07  |        4895 |      |     |
| drv_eco_fixing          |     0.000 |    0.257 |         0 |        0 |       59.13 |            |              | 0:00:04  |        4915 |    0 |   0 |
| final_summary           |           |    0.000 |           |        0 |       59.13 |            |              | 0:00:11  |        4895 |    0 |   0 |
 ------------------------------------------------------------------------------------------------------------------------------------------------------- 
