 ------------------------------------------------------------------------------------------------------------------------------------------------------- 
| Snapshot                | WNS                  | TNS                  | Density (%) | Hotspot                   | Resource               | DRVs       |
|                         | HEPG (ns) | ALL (ns) | HEPG (ns) | ALL (ns) |             | Max (bins) | Total (bins) | Real (s) | Memory (MB) | Tran | Cap |
|-------------------------+-----------+----------+-----------+----------+-------------+------------+--------------+----------+-------------+------+-----|
| initial_summary         |           |    0.014 |           |        0 |       60.58 |            |              | 0:00:04  |        7185 |    0 |   0 |
| route_type_refinement   |           |          |           |          |             |            |              | 0:00:00  |        7185 |      |     |
| simplify_netlist        |           |          |           |          |             |            |              | 0:00:01  |        7386 |      |     |
| excluded_clk_net_fixing |           |          |           |          |             |            |              | 0:00:01  |        7386 |      |     |
| global_opt              |           |    6.171 |           |        0 |       60.58 |            |              | 0:00:01  |        7386 |      |     |
| area_reclaiming         |     0.000 |    6.171 |         0 |        0 |       60.55 |            |              | 0:00:02  |        7466 |      |     |
| area_reclaiming_2       |     0.000 |    6.171 |         0 |        0 |       60.55 |            |              | 0:00:03  |        7466 |      |     |
| local_wire_reclaim      |           |          |           |          |             |            |              | 0:00:16  |        7466 |      |     |
| global_route            |           |          |           |          |             |       0.00 |         0.00 | 0:00:03  |        7368 |      |     |
| route_type_refinement_2 |           |          |           |          |             |            |              | 0:00:00  |        7368 |      |     |
| drv_eco_fixing          |     0.000 |    6.112 |         0 |        0 |       60.55 |            |              | 0:00:01  |        7386 |    0 |   0 |
| final_summary           |           |    0.014 |           |        0 |       60.55 |            |              | 0:00:08  |        7386 |    0 |   0 |
 ------------------------------------------------------------------------------------------------------------------------------------------------------- 
