 ------------------------------------------------------------------------------------------------------------------------------------------------------- 
| Snapshot                | WNS                  | TNS                  | Density (%) | Hotspot                   | Resource               | DRVs       |
|                         | HEPG (ns) | ALL (ns) | HEPG (ns) | ALL (ns) |             | Max (bins) | Total (bins) | Real (s) | Memory (MB) | Tran | Cap |
|-------------------------+-----------+----------+-----------+----------+-------------+------------+--------------+----------+-------------+------+-----|
| initial_summary         |           |    0.000 |           |        0 |       59.57 |            |              | 0:00:45  |        4068 |    0 | 240 |
| simplify_netlist        |           |          |           |          |             |            |              | 0:00:13  |        4118 |      |     |
| drv_fixing              |     0.000 |    0.247 |         0 |        0 |       59.45 |            |              | 0:00:04  |        4118 |      |     |
| drv_fixing_2            |     0.000 |    0.247 |         0 |        0 |       59.55 |            |              | 0:00:31  |        4155 |    0 |   0 |
| global_opt              |           |    0.247 |           |        0 |       59.55 |            |              | 0:00:13  |        4155 |      |     |
| area_reclaiming         |     0.000 |    0.247 |         0 |        0 |       59.14 |            |              | 0:00:56  |        4155 |      |     |
| incremental_replacement |           |   -0.089 |           |       -1 |             |      12.98 |        12.98 | 0:04:14  |        4435 |      |     |
| tns_fixing              |     0.000 |   -0.089 |         0 |       -1 |       59.14 |            |              | 0:00:06  |        4459 |      |     |
| wns_fixing              |     0.000 |   -0.062 |         0 |       -2 |       59.14 |            |              | 0:00:10  |        4486 |      |     |
| tns_fixing_2            |     0.000 |   -0.062 |         0 |       -2 |       59.14 |            |              | 0:00:07  |        4486 |      |     |
| area_reclaiming_2       |     0.000 |   -0.062 |         0 |       -2 |       59.14 |            |              | 0:00:05  |        4486 |      |     |
| drv_eco_fixing          |     0.000 |   -0.062 |         0 |       -2 |       59.14 |            |              | 0:00:05  |        4505 |    0 |   0 |
| tns_eco_fixing          |     0.000 |   -0.062 |         0 |       -2 |       59.14 |            |              | 0:00:04  |        4505 |      |     |
| final_summary           |           |   -0.063 |           |       -2 |       59.14 |            |              | 0:00:24  |        4497 |    0 |   0 |
 ------------------------------------------------------------------------------------------------------------------------------------------------------- 
