 ------------------------------------------------------------------------------------------------------------------------------------------------------- 
| Snapshot                | WNS                  | TNS                  | Density (%) | Hotspot                   | Resource               | DRVs       |
|                         | HEPG (ns) | ALL (ns) | HEPG (ns) | ALL (ns) |             | Max (bins) | Total (bins) | Real (s) | Memory (MB) | Tran | Cap |
|-------------------------+-----------+----------+-----------+----------+-------------+------------+--------------+----------+-------------+------+-----|
| initial_summary         |           |    0.000 |           |        0 |       59.14 |            |              | 0:00:33  |        4657 |    0 |   0 |
| route_type_refinement   |           |          |           |          |             |            |              | 0:00:00  |        4657 |      |     |
| simplify_netlist        |           |          |           |          |             |            |              | 0:00:04  |        4657 |      |     |
| excluded_clk_net_fixing |           |          |           |          |             |            |              | 0:00:00  |        4657 |      |     |
| global_opt              |           |    0.191 |           |        0 |       59.14 |            |              | 0:00:04  |        4657 |      |     |
| area_reclaiming         |     0.000 |    0.191 |         0 |        0 |       59.13 |            |              | 0:00:22  |        4677 |      |     |
| area_reclaiming_2       |     0.000 |    0.191 |         0 |        0 |       59.12 |            |              | 0:00:18  |        4677 |      |     |
| local_wire_reclaim      |           |          |           |          |             |            |              | 0:01:06  |        4661 |      |     |
| global_route            |           |          |           |          |             |       0.00 |         0.00 | 0:00:07  |        4648 |      |     |
| route_type_refinement_2 |           |          |           |          |             |            |              | 0:00:00  |        4648 |      |     |
| drv_eco_fixing          |     0.000 |    0.184 |         0 |        0 |       59.12 |            |              | 0:00:04  |        4657 |    0 |   0 |
| final_summary           |           |    0.000 |           |        0 |       59.12 |            |              | 0:00:18  |        4657 |    0 |   0 |
 ------------------------------------------------------------------------------------------------------------------------------------------------------- 
