 -------------------------------------------------------------------------------------- 
| Snapshot           | WNS   | TNS | Density (%) | Resource               | DRVs       |
|                    | ALL (ns)    |             | Real (s) | Memory (MB) | Tran | Cap |
|--------------------+-------+-----+-------------+----------+-------------+------+-----|
| initial_summary    | 0.000 |   0 |       59.11 | 0:00:51  |        4862 |    0 |   0 |
| ccopt_pro          |       |     |             | 0:00:10  |        5046 |      |     |
| route_type_fixing  |       |     |             | 0:00:02  |        5030 |      |     |
| pre_route_summary  | 0.000 |   0 |       59.11 | 0:00:02  |        5046 |    0 |   0 |
| eco_route          |       |     |             | 0:01:04  |        5046 |      |     |
| post_route_summary | 0.000 |   0 |       59.11 | 0:00:22  |        4997 |    0 |   0 |
| final_summary      | 0.000 |   0 |       59.11 | 0:00:21  |        4997 |    0 |   0 |
 -------------------------------------------------------------------------------------- 
