============================================================
  Generated by:           Genus(TM) Synthesis Solution 23.11-s100_1
  Generated on:           Aug 10 2025  05:29:46 pm
  Module:                 Main
  Operating conditions:   PVT_1P08V_125C (balanced_tree)
  Wireload mode:          enclosed
  Area mode:              timing library
============================================================

Timing
--------

Clock Period 
-------------
clk   2000.0 


  Cost    Critical         Violating 
 Group   Path Slack  TNS     Paths   
-------------------------------------
clk           388.9   0.0          0 
default    No paths   0.0            
-------------------------------------
Total                 0.0          0 

Instance Count
--------------
Leaf Instance Count             313 
Physical Instance count           0 
Sequential Instance Count        91 
Combinational Instance Count    222 
Hierarchical Instance Count       0 

Area
----
Cell Area                          1264.032
Physical Cell Area                 0.000
Total Cell Area (Cell+Physical)    1264.032
Net Area                           0.000
Total Area (Cell+Physical+Net)     1264.032

Max Fanout                         91 (clk)
Min Fanout                         0 (n_251)
Average Fanout                     2.2
Terms to net ratio                 3.1816
Terms to instance ratio            4.5335
Runtime                            15.580576 seconds
Elapsed Runtime                    18 seconds
Genus peak memory usage            1894.54 
Innovus peak memory usage          no_value 
Hostname                           ei-vm-018.hs-regensburg.de
