============================================================
  Generated by:           Genus(TM) Synthesis Solution 23.11-s100_1
  Generated on:           Aug 10 2025  05:29:46 pm
  Module:                 Main
  Operating conditions:   PVT_1P08V_125C (balanced_tree)
  Wireload mode:          enclosed
  Area mode:              timing library
============================================================


Path 1: MET (389 ps) Setup Check with Pin OGF_R3_reg/CK->D
          Group: clk
     Startpoint: (R) A6M_result_reg[4][0]/CK
          Clock: (R) clk
       Endpoint: (R) OGF_R3_reg/D
          Clock: (R) clk

                     Capture       Launch     
        Clock Edge:+    2000            0     
       Src Latency:+       0            0     
       Net Latency:+       0 (I)        0 (I) 
           Arrival:=    2000            0     
                                              
             Setup:-     110                  
       Uncertainty:-      15                  
     Required Time:=    1875                  
      Launch Clock:-       0                  
         Data Path:-    1486                  
             Slack:=     389                  

#-------------------------------------------------------------------------------------------------
#      Timing Point       Flags    Arc   Edge   Cell     Fanout Load Trans Delay Arrival Instance 
#                                                               (fF)  (ps)  (ps)   (ps)  Location 
#-------------------------------------------------------------------------------------------------
  A6M_result_reg[4][0]/CK -       -      R     (arrival)     91    -    20     0       0    (-,-) 
  A6M_result_reg[4][0]/Q  -       CK->Q  R     SDFFRHQX1      3  1.1    22   141     141    (-,-) 
  g7057__5122/CO          -       A->CO  R     ADDHX1         1  0.6    16    72     213    (-,-) 
  g6974__5107/CO          -       CI->CO R     ADDFX1         1  0.6    22    96     309    (-,-) 
  g6920__8428/CO          -       CI->CO R     ADDFX1         1  0.6    22    98     406    (-,-) 
  g6883__1666/S           -       CI->S  F     ADDFX1         1  0.8    27   149     556    (-,-) 
  g6866__5122/S           -       B->S   R     ADDFX1         1  0.9    27   166     721    (-,-) 
  g6865__1705/CO          -       A->CO  R     ADDFX1         1  0.6    22   108     829    (-,-) 
  g6859__5526/CO          -       CI->CO R     ADDFX1         1  0.6    22    98     927    (-,-) 
  g6857__8428/CO          -       CI->CO R     ADDFX1         1  0.6    22    98    1025    (-,-) 
  g6856__6260/S           -       CI->S  F     ADDFX1         1  0.8    27   149    1174    (-,-) 
  g6853__5107/CO          -       B->CO  F     ADDFX1         1  1.1    32   103    1277    (-,-) 
  g6851__2398/S           -       CI->S  R     ADDFHX4        1  0.4    36   209    1486    (-,-) 
  OGF_R3_reg/D            <<<     -      R     SDFFRHQX4      1    -     -     0    1486    (-,-) 
#-------------------------------------------------------------------------------------------------

