 -------------------------------------------------------------------------------------------------- 
| Snapshot           | WNS               | TNS | Density (%) | Resource               | DRVs       |
|                    | HEPG (ns) | ALL (ns)    |             | Real (s) | Memory (MB) | Tran | Cap |
|--------------------+-----------+-------+-----+-------------+----------+-------------+------+-----|
| initial_summary    |     0.509 | 0.509 |   0 |       83.03 | 0:00:01  |        5175 |    0 |   0 |
| ccopt_pro          |           |       |     |             | 0:00:02  |        8413 |      |     |
| route_type_fixing  |           |       |     |             | 0:00:00  |        5713 |      |     |
| pre_route_summary  |     0.510 | 0.510 |   0 |       83.03 | 0:00:00  |        5747 |    0 |   0 |
| eco_route          |           |       |     |             | 0:00:04  |        5721 |      |     |
| post_route_summary |     0.515 | 0.515 |   0 |       83.03 | 0:00:00  |        5278 |    0 |   0 |
| final_summary      |     0.515 | 0.515 |   0 |       83.03 | 0:00:07  |        5279 |    0 |   0 |
 -------------------------------------------------------------------------------------------------- 
