 ------------------------------------------------------------------------------------------------------------------------------------------------------- 
| Snapshot                | WNS                  | TNS                  | Density (%) | Hotspot                   | Resource               | DRVs       |
|                         | HEPG (ns) | ALL (ns) | HEPG (ns) | ALL (ns) |             | Max (bins) | Total (bins) | Real (s) | Memory (MB) | Tran | Cap |
|-------------------------+-----------+----------+-----------+----------+-------------+------------+--------------+----------+-------------+------+-----|
| initial_summary         |           |    0.000 |           |        0 |       68.52 |            |              | 0:00:49  |        4006 |    2 |  80 |
| simplify_netlist        |           |          |           |          |             |            |              | 0:00:19  |        4094 |      |     |
| drv_fixing              |     0.000 |    0.491 |         0 |        0 |       68.52 |            |              | 0:00:20  |        4094 |      |     |
| drv_fixing_2            |     0.000 |    0.491 |         0 |        0 |       68.52 |            |              | 0:00:33  |        4094 |   78 |  81 |
| global_opt              |           |    0.491 |           |        0 |       68.52 |            |              | 0:00:16  |        4094 |      |     |
| area_reclaiming         |     0.000 |    0.491 |         0 |        0 |       68.51 |            |              | 0:00:17  |        4122 |      |     |
| incremental_replacement |           |          |           |          |             |       3.15 |         3.15 | 0:04:52  |        4388 |      |     |
| drv_fixing_3            |     0.356 |    0.000 |         0 |        0 |       68.56 |            |              | 0:00:40  |        4459 |    0 |  80 |
| area_reclaiming_2       |     0.000 |    0.356 |         0 |        0 |       68.56 |            |              | 0:00:17  |        4459 |      |     |
| drv_eco_fixing          |     0.000 |    0.356 |         0 |        0 |       68.56 |            |              | 0:00:17  |        4459 |   44 |  81 |
| final_summary           |           |    0.000 |           |        0 |       68.56 |            |              | 0:00:21  |        4431 |    0 |  80 |
 ------------------------------------------------------------------------------------------------------------------------------------------------------- 
