 ------------------------------------------------------------------------------------------------------------------------------------------------------- 
| Snapshot                | WNS                  | TNS                  | Density (%) | Hotspot                   | Resource               | DRVs       |
|                         | HEPG (ns) | ALL (ns) | HEPG (ns) | ALL (ns) |             | Max (bins) | Total (bins) | Real (s) | Memory (MB) | Tran | Cap |
|-------------------------+-----------+----------+-----------+----------+-------------+------------+--------------+----------+-------------+------+-----|
| initial_summary         |           |    0.014 |           |        0 |       58.62 |            |              | 0:00:05  |        5525 |    9 | 240 |
| simplify_netlist        |           |          |           |          |             |            |              | 0:00:01  |        5736 |      |     |
| drv_fixing              |     0.000 |    6.207 |         0 |        0 |       58.50 |            |              | 0:00:00  |        5736 |      |     |
| drv_fixing_2            |     0.000 |    6.207 |         0 |        0 |       61.09 |            |              | 0:00:04  |        5825 |    0 |   0 |
| global_opt              |           |    6.207 |           |        0 |       61.09 |            |              | 0:00:01  |        5825 |      |     |
| area_reclaiming         |     0.000 |    6.207 |         0 |        0 |       60.58 |            |              | 0:00:04  |        5849 |      |     |
| incremental_replacement |           |          |           |          |             |       0.00 |         0.00 | 0:00:34  |        6109 |      |     |
| area_reclaiming_2       |     0.000 |    6.187 |         0 |        0 |       60.58 |            |              | 0:00:01  |        6133 |      |     |
| drv_eco_fixing          |     0.000 |    6.187 |         0 |        0 |       60.58 |            |              | 0:00:00  |        6133 |    0 |   0 |
| final_summary           |           |    0.014 |           |        0 |       60.58 |            |              | 0:00:07  |        6133 |    0 |   0 |
 ------------------------------------------------------------------------------------------------------------------------------------------------------- 
