 ------------------------------------------------------------------------------------------------------------------------------------------------------- 
| Snapshot                | WNS                  | TNS                  | Density (%) | Hotspot                   | Resource               | DRVs       |
|                         | HEPG (ns) | ALL (ns) | HEPG (ns) | ALL (ns) |             | Max (bins) | Total (bins) | Real (s) | Memory (MB) | Tran | Cap |
|-------------------------+-----------+----------+-----------+----------+-------------+------------+--------------+----------+-------------+------+-----|
| initial_summary         |     0.074 |    0.002 |           |        0 |       74.85 |            |              | 0:00:00  |        4520 |    0 |   0 |
| route_type_refinement   |           |          |           |          |             |            |              | 0:00:01  |        4584 |      |     |
| simplify_netlist        |           |          |           |          |             |            |              | 0:00:00  |        4585 |      |     |
| excluded_clk_net_fixing |           |          |           |          |             |            |              | 0:00:00  |        4585 |      |     |
| global_opt              |           |    0.002 |           |        0 |       74.85 |            |              | 0:00:01  |        4612 |      |     |
| area_reclaiming         |     0.074 |    0.002 |         0 |        0 |       74.85 |            |              | 0:00:00  |        4614 |      |     |
| area_reclaiming_2       |     0.074 |    0.002 |         0 |        0 |       74.85 |            |              | 0:00:01  |        4615 |      |     |
| local_wire_reclaim      |           |          |           |          |             |            |              | 0:00:00  |        4583 |      |     |
| global_route            |           |          |           |          |             |       0.00 |         0.00 | 0:00:00  |        4577 |      |     |
| route_type_refinement_2 |           |          |           |          |             |            |              | 0:00:01  |        4577 |      |     |
| drv_eco_fixing          |     0.074 |   -0.061 |         0 |       -0 |       89.47 |            |              | 0:00:00  |        4699 |    8 |   0 |
| tns_eco_fixing          |     0.074 |    0.002 |         0 |        0 |       74.85 |            |              | 0:00:01  |        5272 |      |     |
| final_summary           |     0.074 |    0.002 |           |        0 |       74.85 |       0.00 |         0.00 | 0:00:03  |        4653 |    0 |   0 |
 ------------------------------------------------------------------------------------------------------------------------------------------------------- 
