
Power Net Detected:
        Voltage	    Name
             0V	    VSS
           0.9V	    VDD
Using Power View: WORST_CASE.
AAE_INFO: opIsDesignInPostRouteState() is 1
#################################################################################
# Design Stage: PostRoute
# Design Name: Main
# Design Mode: 45nm
# Analysis Mode: MMMC OCV 
# Parasitics Mode: SPEF/RCDB 
# Signoff Settings: SI Off 
#################################################################################
Start delay calculation (fullDC) (8 T). (MEM=3721.46)
Total number of fetched objects 574
AAE_INFO: Total number of nets for which stage creation was skipped for all views 0
End delay calculation. (MEM=3776.16 CPU=0:00:00.1 REAL=0:00:00.0)
End delay calculation (fullDC). (MEM=3776.16 CPU=0:00:00.2 REAL=0:00:00.0)
Load RC corner of view WORST_CASE

Begin Power Analysis

             0V	    VSS
           0.9V	    VDD

Begin Processing Timing Library for Power Calculation

Ended Processing Timing Library for Power Calculation: (cpu=0:00:00, real=0:00:00, mem(process/total/peak)=3734.73MB/7357.61MB/3805.79MB)



Begin Processing Power Net/Grid for Power Calculation

Ended Processing Power Net/Grid for Power Calculation: (cpu=0:00:00, real=0:00:00, mem(process/total/peak)=3734.73MB/7357.61MB/3805.79MB)

Begin Processing Timing Window Data for Power Calculation

clk(400MHz) CK: assigning clock clk to net clk
Ended Processing Timing Window Data for Power Calculation: (cpu=0:00:00, real=0:00:00, mem(process/total/peak)=3741.29MB/7877.64MB/3805.79MB)

Begin Processing User Attributes

Ended Processing User Attributes: (cpu=0:00:00, real=0:00:00, mem(process/total/peak)=3741.29MB/7877.64MB/3805.79MB)

Begin Processing Signal Activity


Starting Levelizing
2025-Aug-10 19:13:27 (2025-Aug-10 17:13:27 GMT)
2025-Aug-10 19:13:27 (2025-Aug-10 17:13:27 GMT): 10%
2025-Aug-10 19:13:27 (2025-Aug-10 17:13:27 GMT): 20%
2025-Aug-10 19:13:27 (2025-Aug-10 17:13:27 GMT): 30%
2025-Aug-10 19:13:27 (2025-Aug-10 17:13:27 GMT): 40%
2025-Aug-10 19:13:27 (2025-Aug-10 17:13:27 GMT): 50%
2025-Aug-10 19:13:27 (2025-Aug-10 17:13:27 GMT): 60%
2025-Aug-10 19:13:27 (2025-Aug-10 17:13:27 GMT): 70%
2025-Aug-10 19:13:27 (2025-Aug-10 17:13:27 GMT): 80%
2025-Aug-10 19:13:27 (2025-Aug-10 17:13:27 GMT): 90%

Finished Levelizing
2025-Aug-10 19:13:27 (2025-Aug-10 17:13:27 GMT)

Starting Activity Propagation
2025-Aug-10 19:13:27 (2025-Aug-10 17:13:27 GMT)
** INFO:  (VOLTUS_POWR-1356): No default input activity has been set. Defaulting to 0.2.
Use 'set_default_switching_activity -input_activity' command to change the default activity value.

2025-Aug-10 19:13:27 (2025-Aug-10 17:13:27 GMT): 10%
2025-Aug-10 19:13:27 (2025-Aug-10 17:13:27 GMT): 20%
2025-Aug-10 19:13:27 (2025-Aug-10 17:13:27 GMT): 30%

Finished Activity Propagation
2025-Aug-10 19:13:27 (2025-Aug-10 17:13:27 GMT)
Ended Processing Signal Activity: (cpu=0:00:00, real=0:00:00, mem(process/total/peak)=3741.29MB/7877.64MB/3805.79MB)

Begin Power Computation

      ----------------------------------------------------------
      # of cell(s) missing both power/leakage table: 0
      # of cell(s) missing power table: 0
      # of cell(s) missing leakage table: 0
      ----------------------------------------------------------



Starting Calculating power
2025-Aug-10 19:13:27 (2025-Aug-10 17:13:27 GMT)
2025-Aug-10 19:13:27 (2025-Aug-10 17:13:27 GMT): 10%
2025-Aug-10 19:13:27 (2025-Aug-10 17:13:27 GMT): 20%
2025-Aug-10 19:13:27 (2025-Aug-10 17:13:27 GMT): 30%
2025-Aug-10 19:13:27 (2025-Aug-10 17:13:27 GMT): 40%
2025-Aug-10 19:13:27 (2025-Aug-10 17:13:27 GMT): 50%
2025-Aug-10 19:13:27 (2025-Aug-10 17:13:27 GMT): 60%
2025-Aug-10 19:13:27 (2025-Aug-10 17:13:27 GMT): 70%
2025-Aug-10 19:13:27 (2025-Aug-10 17:13:27 GMT): 80%
2025-Aug-10 19:13:27 (2025-Aug-10 17:13:27 GMT): 90%

Finished Calculating power
2025-Aug-10 19:13:27 (2025-Aug-10 17:13:27 GMT)
      # of MSMV cell(s) missing power_level: 0
Ended Power Computation: (cpu=0:00:00, real=0:00:00, mem(process/total/peak)=3751.20MB/7965.68MB/3805.79MB)

Begin Processing User Attributes

Begin Processing set_power
Ended Processing set_power: (cpu=0:00:00, real=0:00:00,
mem(process/total/peak)=3751.20MB/7965.68MB/3805.79MB)
Ended Processing User Attributes: (cpu=0:00:00, real=0:00:00, mem(process/total/peak)=3751.20MB/7965.68MB/3805.79MB)

Ended Power Analysis: (cpu=0:00:00, real=0:00:00, mem(process/total/peak)=3751.20MB/7965.68MB/3805.79MB)

Begin Boundary Leakage Calculation
Ended Boundary Leakage Calculation: (cpu=0:00:00, real=0:00:00,
mem(process/total/peak)=3751.20MB/7965.68MB/3805.79MB)
Begin Static Power Report Generation
*----------------------------------------------------------------------------------------
*	Innovus 23.31-s109_1 (64bit) 04/22/2024 16:02 (Linux 3.10.0-693.el7.x86_64)
*	
*
* 	Date & Time:	2025-Aug-10 19:13:27 (2025-Aug-10 17:13:27 GMT)
*
*----------------------------------------------------------------------------------------
*
*	Design: Main
*
*	Liberty Libraries used:
*	        WORST_CASE: /eda/cadence/pdks/gpdk045/gsclib045_all_v4_4/gsclib045/timing/slow_vdd1v0_basicCells.lib
*
*	Parasitic Files used:
*
*       Power View : WORST_CASE
*
*       User-Defined Activity : N.A.
*
*       Activity File: N.A.
*
*       Hierarchical Global Activity: N.A.
*
*       Global Activity: N.A.
*
*       Sequential Element Activity: 0.200000
*
*       Primary Input Activity: 0.200000
*
*       Default icg ratio: N.A.
*
*       Global Comb ClockGate Ratio: N.A.
*
*	Power Units = 1mW
*
*	Time Units = 1e-09 secs
*
*       report_power
*
-----------------------------------------------------------------------------------------
*



Total Power
-----------------------------------------------------------------------------------------
Total Internal Power:        0.19530978 	   75.8843%
Total Switching Power:       0.06203462 	   24.1025%
Total Leakage Power:         0.00003395 	    0.0132%
Total Power:                 0.25737835
-----------------------------------------------------------------------------------------


Group                           Internal   Switching     Leakage       Total  Percentage 
                                Power      Power         Power         Power  (%)        
-----------------------------------------------------------------------------------------
Sequential                        0.1484    0.009395   1.618e-05      0.1578       61.32
Macro                                  0           0           0           0           0
IO                                     0           0           0           0           0
Physical-Only                          0           0   4.248e-07   4.248e-07   0.0001651
Combinational                    0.04689     0.05264   1.735e-05     0.09954       38.68
Clock (Combinational)                  0           0           0           0           0
Clock (Sequential)                     0           0           0           0           0
-----------------------------------------------------------------------------------------
Total                             0.1953     0.06203   3.395e-05      0.2574         100
-----------------------------------------------------------------------------------------


Rail                  Voltage   Internal   Switching     Leakage       Total  Percentage 
                                Power      Power         Power         Power  (%)        
-----------------------------------------------------------------------------------------
VDD                       0.9     0.1953     0.06203   3.395e-05      0.2574         100
 
 
-----------------------------------------------------------------------------------------
*	Power Distribution Summary: 
*              Highest Average Power:               FE_RC_218_0 (CLKINVX20):          0.01645
*              Highest Leakage Power:               FE_RC_218_0 (CLKINVX20):        4.994e-07
*                Total Cap:      1.07839e-12 F
*                Total instances in design:   481
*                Total instances in design with no power:     0
*                Total instances in design with no activty:     0

*                Total Fillers and Decap:     1
-----------------------------------------------------------------------------------------
 
** INFO:  (VOLTUS_POWR-3465): There are 0 decaps and 0 fillers in the design

Ended Static Power Report Generation: (cpu=0:00:00, real=0:00:00,
mem(process/total/peak)=3751.48MB/7965.68MB/3805.79MB)

