 ------------------------------------------------------------------------------------------------------------------------------------------------------- 
| Snapshot                | WNS                  | TNS                  | Density (%) | Hotspot                   | Resource               | DRVs       |
|                         | HEPG (ns) | ALL (ns) | HEPG (ns) | ALL (ns) |             | Max (bins) | Total (bins) | Real (s) | Memory (MB) | Tran | Cap |
|-------------------------+-----------+----------+-----------+----------+-------------+------------+--------------+----------+-------------+------+-----|
| initial_summary         |           |    0.000 |           |        0 |       33.78 |            |              | 0:00:06  |        4415 |    0 |   0 |
| route_type_refinement   |           |          |           |          |             |            |              | 0:00:00  |        4415 |      |     |
| simplify_netlist        |           |          |           |          |             |            |              | 0:00:03  |        4453 |      |     |
| excluded_clk_net_fixing |           |          |           |          |             |            |              | 0:00:00  |        4453 |      |     |
| global_opt              |           |    0.388 |           |        0 |       33.78 |            |              | 0:00:03  |        4453 |      |     |
| area_reclaiming         |     0.000 |    0.388 |         0 |        0 |       33.78 |            |              | 0:00:04  |        4453 |      |     |
| area_reclaiming_2       |     0.000 |    0.388 |         0 |        0 |       33.78 |            |              | 0:00:07  |        4453 |      |     |
| local_wire_reclaim      |           |          |           |          |             |            |              | 0:01:02  |        4437 |      |     |
| global_route            |           |          |           |          |             |       0.00 |         0.00 | 0:00:05  |        4444 |      |     |
| route_type_refinement_2 |           |          |           |          |             |            |              | 0:00:00  |        4444 |      |     |
| drv_eco_fixing          |     0.000 |    0.370 |         0 |        0 |       33.78 |            |              | 0:00:03  |        4453 |    0 |   0 |
| final_summary           |           |    0.000 |           |        0 |       33.78 |            |              | 0:00:16  |        4453 |    0 |   0 |
 ------------------------------------------------------------------------------------------------------------------------------------------------------- 
