 ------------------------------------------------------------------------------------------------------------------------------------------------------- 
| Snapshot                | WNS                  | TNS                  | Density (%) | Hotspot                   | Resource               | DRVs       |
|                         | HEPG (ns) | ALL (ns) | HEPG (ns) | ALL (ns) |             | Max (bins) | Total (bins) | Real (s) | Memory (MB) | Tran | Cap |
|-------------------------+-----------+----------+-----------+----------+-------------+------------+--------------+----------+-------------+------+-----|
| initial_summary         |           |    0.000 |           |        0 |       68.56 |            |              | 0:00:09  |        4497 |    0 |  80 |
| route_type_refinement   |           |          |           |          |             |            |              | 0:00:00  |        4497 |      |     |
| simplify_netlist        |           |          |           |          |             |            |              | 0:00:14  |        4497 |      |     |
| excluded_clk_net_fixing |           |          |           |          |             |            |              | 0:00:01  |        4497 |      |     |
| drv_fixing              |     0.000 |    0.356 |         0 |        0 |       68.56 |            |              | 0:00:18  |        4497 |   44 |  81 |
| global_opt              |           |    0.356 |           |        0 |       68.56 |            |              | 0:00:15  |        4497 |      |     |
| area_reclaiming         |     0.000 |    0.356 |         0 |        0 |       68.56 |            |              | 0:00:15  |        4497 |      |     |
| drv_fixing_2            |     0.000 |    0.000 |         0 |        0 |       68.56 |            |              | 0:00:20  |        4497 |    0 |  80 |
| area_reclaiming_2       |     0.000 |    0.356 |         0 |        0 |       68.56 |            |              | 0:00:22  |        4497 |      |     |
| local_wire_reclaim      |           |          |           |          |             |            |              | 0:02:12  |        4481 |      |     |
| global_route            |           |          |           |          |             |       0.00 |         0.00 | 0:00:08  |        4487 |      |     |
| route_type_refinement_2 |           |          |           |          |             |            |              | 0:00:01  |        4487 |      |     |
| drv_eco_fixing          |     0.000 |    0.281 |         0 |        0 |       68.57 |            |              | 0:00:23  |        4517 |   50 |  81 |
| final_summary           |           |    0.000 |           |        0 |       68.57 |       3.15 |         3.15 | 0:00:25  |        4497 |    0 |  80 |
 ------------------------------------------------------------------------------------------------------------------------------------------------------- 
