 ------------------------------------------------------------------------------------------------------------------------------------------------------- 
| Snapshot                | WNS                  | TNS                  | Density (%) | Hotspot                   | Resource               | DRVs       |
|                         | HEPG (ns) | ALL (ns) | HEPG (ns) | ALL (ns) |             | Max (bins) | Total (bins) | Real (s) | Memory (MB) | Tran | Cap |
|-------------------------+-----------+----------+-----------+----------+-------------+------------+--------------+----------+-------------+------+-----|
| initial_summary         |           |    0.014 |           |        0 |       60.58 |            |              | 0:00:01  |        6492 |    0 |   0 |
| route_type_refinement   |           |          |           |          |             |            |              | 0:00:00  |        6492 |      |     |
| simplify_netlist        |           |          |           |          |             |            |              | 0:00:01  |        6595 |      |     |
| excluded_clk_net_fixing |           |          |           |          |             |            |              | 0:00:01  |        6595 |      |     |
| global_opt              |           |    6.152 |           |        0 |       60.58 |            |              | 0:00:01  |        6595 |      |     |
| area_reclaiming         |     0.000 |    6.152 |         0 |        0 |       60.54 |            |              | 0:00:03  |        6675 |      |     |
| area_reclaiming_2       |     0.000 |    6.152 |         0 |        0 |       60.54 |            |              | 0:00:03  |        6675 |      |     |
| local_wire_reclaim      |           |          |           |          |             |            |              | 0:00:16  |        6675 |      |     |
| global_route            |           |          |           |          |             |       0.00 |         0.00 | 0:00:02  |        6577 |      |     |
| route_type_refinement_2 |           |          |           |          |             |            |              | 0:00:01  |        6577 |      |     |
| drv_eco_fixing          |     0.000 |    6.166 |         0 |        0 |       60.54 |            |              | 0:00:01  |        6595 |    0 |   0 |
| final_summary           |           |    0.014 |           |        0 |       60.54 |            |              | 0:00:08  |        6595 |    0 |   0 |
 ------------------------------------------------------------------------------------------------------------------------------------------------------- 
