 ------------------------------------------------------------------------------------------------------------------------------------------------------- 
| Snapshot                | WNS                  | TNS                  | Density (%) | Hotspot                   | Resource               | DRVs       |
|                         | HEPG (ns) | ALL (ns) | HEPG (ns) | ALL (ns) |             | Max (bins) | Total (bins) | Real (s) | Memory (MB) | Tran | Cap |
|-------------------------+-----------+----------+-----------+----------+-------------+------------+--------------+----------+-------------+------+-----|
| initial_summary         |    -0.001 |   -0.023 |           |       -0 |       94.90 |            |              | 0:00:00  |        5589 |    0 |   0 |
| route_type_refinement   |           |          |           |          |             |            |              | 0:00:00  |        5590 |      |     |
| simplify_netlist        |           |          |           |          |             |            |              | 0:00:01  |        5591 |      |     |
| excluded_clk_net_fixing |           |          |           |          |             |            |              | 0:00:00  |        5591 |      |     |
| global_opt              |           |   -0.024 |           |       -0 |       94.90 |            |              | 0:00:01  |        5627 |      |     |
| area_reclaiming         |     0.002 |   -0.021 |         0 |       -0 |       94.51 |            |              | 0:00:00  |        5701 |      |     |
| wns_fixing              |     0.066 |    0.051 |         0 |        0 |       94.94 |            |              | 0:00:07  |        6326 |      |     |
| area_reclaiming_2       |     0.060 |    0.055 |         0 |        0 |       94.81 |            |              | 0:00:00  |        5776 |      |     |
| local_wire_reclaim      |           |          |           |          |             |            |              | 0:00:01  |        5744 |      |     |
| global_route            |           |          |           |          |             |       0.00 |         0.00 | 0:00:00  |        5626 |      |     |
| route_type_refinement_2 |           |          |           |          |             |            |              | 0:00:00  |        5626 |      |     |
| drv_eco_fixing          |     0.063 |    0.050 |         0 |        0 |       94.81 |            |              | 0:00:00  |        5666 |    0 |   0 |
| final_summary           |     0.063 |    0.050 |           |        0 |       94.81 |            |              | 0:00:02  |        5667 |    0 |   0 |
 ------------------------------------------------------------------------------------------------------------------------------------------------------- 
