 ------------------------------------------------------------------------------------------------------------------------------------------------------- 
| Snapshot                | WNS                  | TNS                  | Density (%) | Hotspot                   | Resource               | DRVs       |
|                         | HEPG (ns) | ALL (ns) | HEPG (ns) | ALL (ns) |             | Max (bins) | Total (bins) | Real (s) | Memory (MB) | Tran | Cap |
|-------------------------+-----------+----------+-----------+----------+-------------+------------+--------------+----------+-------------+------+-----|
| initial_summary         |           |   -2.608 |           |     -178 |       84.86 |            |              | 0:00:01  |        4721 |    1 |   1 |
| simplify_netlist        |           |          |           |          |             |            |              | 0:00:01  |        4743 |      |     |
| drv_fixing              |           |          |           |          |             |            |              | 0:00:00  |        4745 |      |     |
| area_reclaiming         |     0.000 |   -2.608 |         0 |     -178 |       84.38 |            |              | 0:00:01  |        4822 |      |     |
| drv_fixing_2            |     0.000 |   -2.608 |         0 |     -178 |       84.54 |            |              | 0:00:01  |        4852 |    0 |   0 |
| global_opt              |           |   -1.191 |           |       -6 |       86.30 |            |              | 0:00:02  |        4985 |      |     |
| area_reclaiming_2       |     0.000 |   -1.179 |         0 |       -6 |       86.26 |            |              | 0:00:01  |        4975 |      |     |
| incremental_replacement |    -1.171 |   -1.171 |           |       -6 |             |       0.00 |         0.00 | 0:00:06  |        5129 |      |     |
| tns_fixing              |    -1.095 |   -1.105 |        -5 |       -6 |       86.81 |            |              | 0:00:02  |        5946 |      |     |
| wns_fixing              |    -1.054 |   -1.137 |       -12 |      -19 |       94.86 |            |              | 0:00:47  |        6032 |      |     |
| tns_fixing_2            |    -1.331 |   -1.412 |       -12 |      -19 |       95.05 |            |              | 0:00:05  |        6004 |      |     |
| area_reclaiming_3       |    -1.331 |   -1.412 |       -12 |      -19 |       95.05 |            |              | 0:00:00  |        5459 |      |     |
| area_reclaiming_4       |    -1.304 |   -1.386 |       -12 |      -19 |       94.65 |            |              | 0:00:01  |        5459 |      |     |
| drv_eco_fixing          |    -1.304 |   -1.386 |       -12 |      -19 |       94.65 |            |              | 0:00:00  |        5460 |    0 |   0 |
| tns_eco_fixing          |    -0.911 |   -0.981 |       -11 |      -18 |       95.09 |            |              | 0:00:02  |        6009 |      |     |
| final_summary           |    -0.912 |   -0.982 |           |      -18 |       95.09 |            |              | 0:00:06  |        5357 |    0 |   0 |
 ------------------------------------------------------------------------------------------------------------------------------------------------------- 
