 ------------------------------------------------------------------------------------------------------------------------------------------------------------------- 
| Snapshot                | WNS                  | TNS                  | Density (%) | Hotspot                   | Resource               | DRVs       | Layer-OPT |
|                         | HEPG (ns) | ALL (ns) | HEPG (ns) | ALL (ns) |             | Max (bins) | Total (bins) | Real (s) | Memory (MB) | Tran | Cap | Metal8    |
|-------------------------+-----------+----------+-----------+----------+-------------+------------+--------------+----------+-------------+------+-----+-----------|
| initial_summary         |    -0.064 |   -0.064 |           |       -0 |       98.93 |            |              | 0:00:01  |        5604 |    2 |   0 |           |
| route_type_refinement   |           |          |           |          |             |            |              | 0:00:00  |        5700 |      |     |         4 |
| simplify_netlist        |           |          |           |          |             |            |              | 0:00:01  |        5701 |      |     |           |
| excluded_clk_net_fixing |           |          |           |          |             |            |              | 0:00:00  |        5701 |      |     |           |
| drv_fixing              |    -0.064 |   -0.064 |        -0 |       -0 |       98.93 |            |              | 0:00:00  |        5700 |    6 |   0 |         4 |
| global_opt              |           |   -0.064 |           |       -0 |       98.93 |            |              | 0:00:01  |        5723 |      |     |         4 |
| area_reclaiming         |    -0.064 |   -0.064 |        -0 |       -0 |       98.89 |            |              | 0:00:01  |        5728 |      |     |         4 |
| drv_fixing_2            |    -0.064 |   -0.064 |        -0 |       -0 |       98.89 |            |              | 0:00:01  |        5729 |    2 |   0 |         4 |
| wns_fixing              |    -0.008 |   -0.061 |        -0 |       -0 |       99.24 |            |              | 0:00:15  |        6460 |      |     |         5 |
| tns_fixing              |    -0.008 |   -0.061 |        -0 |       -0 |       99.24 |            |              | 0:00:00  |        6434 |      |     |         5 |
| area_reclaiming_2       |    -0.008 |   -0.061 |        -0 |       -0 |       99.24 |            |              | 0:00:00  |        5870 |      |     |         5 |
| area_reclaiming_3       |    -0.008 |   -0.061 |        -0 |       -0 |       99.24 |            |              | 0:00:00  |        5870 |      |     |           |
| local_wire_reclaim      |           |          |           |          |             |            |              | 0:00:00  |        5870 |      |     |           |
| global_route            |           |          |           |          |             |       0.00 |         0.00 | 0:00:00  |        5723 |      |     |           |
| route_type_refinement_2 |           |          |           |          |             |            |              | 0:00:00  |        5723 |      |     |           |
| drv_eco_fixing          |    -0.002 |   -0.048 |        -0 |       -0 |       99.24 |            |              | 0:00:01  |        5787 |    2 |   0 |           |
| tns_eco_fixing          |    -0.002 |   -0.048 |        -0 |       -0 |       99.24 |            |              | 0:00:01  |        6388 |      |     |           |
| final_summary           |    -0.002 |   -0.048 |           |       -0 |       99.24 |            |              | 0:00:07  |        5815 |    0 |   0 |           |
 ------------------------------------------------------------------------------------------------------------------------------------------------------------------- 
