 ------------------------------------------------------------------------------------------------------------------------------------------------------- 
| Snapshot                | WNS                  | TNS                  | Density (%) | Hotspot                   | Resource               | DRVs       |
|                         | HEPG (ns) | ALL (ns) | HEPG (ns) | ALL (ns) |             | Max (bins) | Total (bins) | Real (s) | Memory (MB) | Tran | Cap |
|-------------------------+-----------+----------+-----------+----------+-------------+------------+--------------+----------+-------------+------+-----|
| initial_summary         |           |    0.752 |           |        0 |       84.86 |            |              | 0:00:01  |        4373 |    1 |   1 |
| simplify_netlist        |           |          |           |          |             |            |              | 0:00:01  |        4391 |      |     |
| drv_fixing              |           |          |           |          |             |            |              | 0:00:00  |        4393 |      |     |
| area_reclaiming         |     0.000 |    0.466 |         0 |        0 |       82.87 |            |              | 0:00:01  |        4476 |      |     |
| drv_fixing_2            |     0.000 |    0.467 |         0 |        0 |       83.03 |            |              | 0:00:01  |        4517 |    0 |   0 |
| global_opt              |           |    0.467 |           |        0 |       83.03 |            |              | 0:00:01  |        4550 |      |     |
| area_reclaiming_2       |     0.000 |    0.467 |         0 |        0 |       83.03 |            |              | 0:00:01  |        4549 |      |     |
| incremental_replacement |           |          |           |          |             |       0.00 |         0.00 | 0:00:03  |        4757 |      |     |
| area_reclaiming_3       |     0.572 |    0.572 |         0 |        0 |       82.95 |            |              | 0:00:00  |        4785 |      |     |
| area_reclaiming_4       |     0.572 |    0.572 |         0 |        0 |       82.95 |            |              | 0:00:00  |        4785 |      |     |
| drv_eco_fixing          |     0.572 |    0.572 |         0 |        0 |       83.03 |            |              | 0:00:00  |        4816 |    0 |   0 |
| final_summary           |     0.572 |    0.572 |           |        0 |       83.03 |            |              | 0:00:07  |        4802 |    0 |   0 |
 ------------------------------------------------------------------------------------------------------------------------------------------------------- 
