 ------------------------------------------------------------------------------------------------------------------------------------------------------- 
| Snapshot                | WNS                  | TNS                  | Density (%) | Hotspot                   | Resource               | DRVs       |
|                         | HEPG (ns) | ALL (ns) | HEPG (ns) | ALL (ns) |             | Max (bins) | Total (bins) | Real (s) | Memory (MB) | Tran | Cap |
|-------------------------+-----------+----------+-----------+----------+-------------+------------+--------------+----------+-------------+------+-----|
| initial_summary         |           |   -0.491 |           |      -38 |       59.15 |            |              | 0:00:04  |        6438 |    0 |   0 |
| route_type_refinement   |           |          |           |          |             |            |              | 0:00:00  |        6438 |      |     |
| simplify_netlist        |           |          |           |          |             |            |              | 0:00:01  |        6514 |      |     |
| excluded_clk_net_fixing |           |          |           |          |             |            |              | 0:00:00  |        6514 |      |     |
| global_opt              |           |   -0.484 |           |      -39 |       59.15 |            |              | 0:00:02  |        6514 |      |     |
| area_reclaiming         |     0.000 |   -0.484 |         0 |      -38 |       59.14 |            |              | 0:00:03  |        6584 |      |     |
| wns_fixing              |     0.000 |   -0.483 |         0 |      -39 |       59.14 |            |              | 0:00:04  |        6712 |      |     |
| tns_fixing              |     0.000 |   -0.483 |         0 |      -39 |       59.15 |            |              | 0:00:02  |        6722 |      |     |
| area_reclaiming_2       |     0.000 |   -0.483 |         0 |      -39 |       59.14 |            |              | 0:00:02  |        6594 |      |     |
| local_wire_reclaim      |           |          |           |          |             |            |              | 0:00:17  |        6594 |      |     |
| global_route            |           |          |           |          |             |       0.00 |         0.00 | 0:00:02  |        6505 |      |     |
| route_type_refinement_2 |           |          |           |          |             |            |              | 0:00:00  |        6505 |      |     |
| drv_eco_fixing          |     0.000 |   -0.410 |         0 |      -29 |       59.14 |            |              | 0:00:01  |        6514 |    0 |   0 |
| tns_eco_fixing          |     0.000 |   -0.410 |         0 |      -29 |       59.14 |            |              | 0:00:02  |        6642 |      |     |
| final_summary           |           |   -0.410 |           |      -29 |       59.14 |       3.15 |         3.15 | 0:00:09  |        6514 |    0 |   0 |
 ------------------------------------------------------------------------------------------------------------------------------------------------------- 
