 ------------------------------------------------------------------------------------------------------------------------------------------------------- 
| Snapshot                | WNS                  | TNS                  | Density (%) | Hotspot                   | Resource               | DRVs       |
|                         | HEPG (ns) | ALL (ns) | HEPG (ns) | ALL (ns) |             | Max (bins) | Total (bins) | Real (s) | Memory (MB) | Tran | Cap |
|-------------------------+-----------+----------+-----------+----------+-------------+------------+--------------+----------+-------------+------+-----|
| initial_summary         |           |    0.000 |           |        0 |       59.57 |            |              | 0:00:39  |        4039 |    0 | 240 |
| simplify_netlist        |           |          |           |          |             |            |              | 0:00:08  |        4109 |      |     |
| drv_fixing              |     0.000 |    0.508 |         0 |        0 |       59.45 |            |              | 0:00:04  |        4109 |      |     |
| drv_fixing_2            |     0.000 |    0.508 |         0 |        0 |       59.54 |            |              | 0:00:24  |        4146 |    0 |   0 |
| global_opt              |           |    0.508 |           |        0 |       59.54 |            |              | 0:00:04  |        4146 |      |     |
| area_reclaiming         |     0.000 |    0.508 |         0 |        0 |       59.14 |            |              | 0:00:42  |        4146 |      |     |
| incremental_replacement |           |          |           |          |             |       3.15 |         3.15 | 0:04:29  |        4416 |      |     |
| area_reclaiming_2       |     0.000 |    0.308 |         0 |        0 |       59.14 |            |              | 0:00:08  |        4459 |      |     |
| drv_eco_fixing          |     0.000 |    0.308 |         0 |        0 |       59.14 |            |              | 0:00:04  |        4505 |    0 |   0 |
| final_summary           |           |    0.000 |           |        0 |       59.14 |            |              | 0:00:11  |        4497 |    0 |   0 |
 ------------------------------------------------------------------------------------------------------------------------------------------------------- 
