 ------------------------------------------------------------------------------------------------------------------------------------------------------- 
| Snapshot                | WNS                  | TNS                  | Density (%) | Hotspot                   | Resource               | DRVs       |
|                         | HEPG (ns) | ALL (ns) | HEPG (ns) | ALL (ns) |             | Max (bins) | Total (bins) | Real (s) | Memory (MB) | Tran | Cap |
|-------------------------+-----------+----------+-----------+----------+-------------+------------+--------------+----------+-------------+------+-----|
| initial_summary         |           |   -1.104 |           |       -5 |       79.95 |            |              | 0:00:00  |        4443 |   16 |   0 |
| simplify_netlist        |           |          |           |          |             |            |              | 0:00:01  |        4454 |      |     |
| drv_fixing              |           |          |           |          |             |            |              | 0:00:01  |        4459 |      |     |
| drv_fixing_2            |     0.000 |   -1.104 |         0 |       -4 |       82.46 |            |              | 0:00:01  |        4648 |    0 |   0 |
| global_opt              |           |   -0.952 |           |       -3 |       83.30 |            |              | 0:00:01  |        4705 |      |     |
| area_reclaiming         |     0.000 |   -0.887 |         0 |       -3 |       83.08 |            |              | 0:00:00  |        4699 |      |     |
| incremental_replacement |    -0.919 |   -0.919 |           |       -3 |             |       0.00 |         0.00 | 0:00:03  |        4835 |      |     |
| tns_fixing              |    -0.632 |   -0.633 |        -1 |       -2 |       89.79 |            |              | 0:00:02  |        5682 |      |     |
| wns_fixing              |    -0.479 |   -0.489 |        -2 |       -2 |       96.45 |            |              | 0:00:19  |        5704 |      |     |
| tns_fixing_2            |    -0.478 |   -0.487 |        -1 |       -2 |       98.55 |            |              | 0:00:03  |        5703 |      |     |
| area_reclaiming_2       |    -0.469 |   -0.478 |        -1 |       -2 |       97.21 |            |              | 0:00:00  |        5160 |      |     |
| drv_eco_fixing          |    -0.469 |   -0.478 |        -1 |       -2 |       97.21 |            |              | 0:00:00  |        5161 |    1 |   0 |
| tns_eco_fixing          |    -0.469 |   -0.478 |        -1 |       -2 |       97.21 |            |              | 0:00:01  |        5709 |      |     |
| final_summary           |    -0.469 |   -0.478 |           |       -2 |       97.21 |            |              | 0:00:06  |        5013 |    0 |   0 |
 ------------------------------------------------------------------------------------------------------------------------------------------------------- 
