 ------------------------------------------------------------------------------------------------------------------------------------------------------- 
| Snapshot                | WNS                  | TNS                  | Density (%) | Hotspot                   | Resource               | DRVs       |
|                         | HEPG (ns) | ALL (ns) | HEPG (ns) | ALL (ns) |             | Max (bins) | Total (bins) | Real (s) | Memory (MB) | Tran | Cap |
|-------------------------+-----------+----------+-----------+----------+-------------+------------+--------------+----------+-------------+------+-----|
| initial_summary         |           |   -0.114 |           |       -4 |       59.57 |            |              | 0:00:32  |        4064 |    0 | 240 |
| simplify_netlist        |           |          |           |          |             |            |              | 0:00:10  |        4133 |      |     |
| drv_fixing              |     0.000 |   -0.114 |         0 |       -4 |       59.45 |            |              | 0:00:05  |        4133 |      |     |
| drv_fixing_2            |     0.000 |   -0.114 |         0 |       -4 |       59.55 |            |              | 0:00:27  |        4170 |    0 |   0 |
| global_opt              |           |   -0.114 |           |       -4 |       59.55 |            |              | 0:00:10  |        4170 |      |     |
| area_reclaiming         |     0.000 |   -0.114 |         0 |       -4 |       59.15 |            |              | 0:00:38  |        4170 |      |     |
| incremental_replacement |           |   -0.333 |           |      -11 |             |      12.98 |        12.98 | 0:04:35  |        4427 |      |     |
| tns_fixing              |     0.000 |   -0.333 |         0 |      -11 |       59.15 |            |              | 0:00:04  |        4451 |      |     |
| wns_fixing              |     0.000 |   -0.195 |         0 |      -11 |       59.15 |            |              | 0:00:09  |        4488 |      |     |
| tns_fixing_2            |     0.000 |   -0.195 |         0 |      -11 |       59.15 |            |              | 0:00:14  |        4520 |      |     |
| area_reclaiming_2       |     0.000 |   -0.195 |         0 |      -11 |       59.15 |            |              | 0:00:07  |        4488 |      |     |
| drv_eco_fixing          |     0.000 |   -0.195 |         0 |      -11 |       59.15 |            |              | 0:00:05  |        4507 |    0 |   0 |
| tns_eco_fixing          |     0.000 |   -0.195 |         0 |      -11 |       59.15 |            |              | 0:00:07  |        4507 |      |     |
| final_summary           |           |   -0.195 |           |      -11 |       59.15 |            |              | 0:00:25  |        4520 |    0 |   0 |
 ------------------------------------------------------------------------------------------------------------------------------------------------------- 
