 ------------------------------------------------------------------------------------------------------------------------------------------------------- 
| Snapshot                | WNS                  | TNS                  | Density (%) | Hotspot                   | Resource               | DRVs       |
|                         | HEPG (ns) | ALL (ns) | HEPG (ns) | ALL (ns) |             | Max (bins) | Total (bins) | Real (s) | Memory (MB) | Tran | Cap |
|-------------------------+-----------+----------+-----------+----------+-------------+------------+--------------+----------+-------------+------+-----|
| initial_summary         |           |    0.000 |           |        0 |       33.93 |            |              | 0:00:25  |        3993 |    0 | 240 |
| simplify_netlist        |           |          |           |          |             |            |              | 0:00:08  |        4043 |      |     |
| drv_fixing              |           |          |           |          |             |            |              | 0:00:03  |        4043 |      |     |
| drv_fixing_2            |     0.000 |    0.148 |         0 |        0 |       33.88 |            |              | 0:00:20  |        4079 |    0 |   0 |
| global_opt              |           |    0.148 |           |        0 |       33.88 |            |              | 0:00:05  |        4079 |      |     |
| area_reclaiming         |     0.000 |    0.148 |         0 |        0 |       33.79 |            |              | 0:00:06  |        4079 |      |     |
| incremental_replacement |           |          |           |          |             |      12.98 |        12.98 | 0:03:01  |        4262 |      |     |
| area_reclaiming_2       |     0.000 |    0.197 |         0 |        0 |       33.79 |            |              | 0:00:06  |        4305 |      |     |
| drv_eco_fixing          |     0.000 |    0.197 |         0 |        0 |       33.79 |            |              | 0:00:03  |        4305 |    0 |   0 |
| final_summary           |           |    0.000 |           |        0 |       33.79 |            |              | 0:00:19  |        4336 |    0 |   0 |
 ------------------------------------------------------------------------------------------------------------------------------------------------------- 
