 ------------------------------------------------------------------------------------------------------------------------------------------------------- 
| Snapshot                | WNS                  | TNS                  | Density (%) | Hotspot                   | Resource               | DRVs       |
|                         | HEPG (ns) | ALL (ns) | HEPG (ns) | ALL (ns) |             | Max (bins) | Total (bins) | Real (s) | Memory (MB) | Tran | Cap |
|-------------------------+-----------+----------+-----------+----------+-------------+------------+--------------+----------+-------------+------+-----|
| initial_summary         |           |   -0.744 |           |     -942 |       68.52 |            |              | 0:00:39  |        4052 |    2 |  80 |
| simplify_netlist        |           |          |           |          |             |            |              | 0:00:17  |        4102 |      |     |
| drv_fixing              |     0.000 |   -0.744 |         0 |     -942 |       68.52 |            |              | 0:00:15  |        4102 |      |     |
| drv_fixing_2            |     0.000 |   -0.744 |         0 |     -942 |       68.52 |            |              | 0:00:32  |        4102 |   80 |  81 |
| global_opt              |           |   -0.744 |           |     -942 |       68.52 |            |              | 0:00:33  |        4102 |      |     |
| area_reclaiming         |     0.000 |   -0.744 |         0 |     -942 |       68.51 |            |              | 0:00:22  |        4138 |      |     |
| incremental_replacement |           |   -0.957 |           |     -974 |             |       3.15 |         3.15 | 0:05:16  |        4426 |      |     |
| drv_fixing_3            |    -0.957 |   -0.957 |      -974 |     -974 |       68.56 |            |              | 0:00:36  |        4505 |    0 |  80 |
| tns_fixing              |     0.000 |   -0.957 |         0 |     -974 |       68.56 |            |              | 0:00:17  |        4505 |      |     |
| wns_fixing              |     0.000 |   -0.957 |         0 |     -974 |       68.56 |            |              | 0:00:16  |        4505 |      |     |
| tns_fixing_2            |     0.000 |   -0.957 |         0 |     -974 |       68.56 |            |              | 0:00:15  |        4505 |      |     |
| area_reclaiming_2       |     0.000 |   -0.957 |         0 |     -974 |       68.55 |            |              | 0:00:18  |        4505 |      |     |
| drv_eco_fixing          |     0.000 |   -0.957 |         0 |     -974 |       68.55 |            |              | 0:00:19  |        4505 |   63 |  82 |
| tns_eco_fixing          |     0.000 |   -0.957 |         0 |     -974 |       68.55 |            |              | 0:00:15  |        4505 |      |     |
| final_summary           |           |   -0.957 |           |     -974 |       68.55 |            |              | 0:00:21  |        4469 |    0 |  80 |
 ------------------------------------------------------------------------------------------------------------------------------------------------------- 
