 ------------------------------------------------------------------------------------------------------------------------------------------------------------------- 
| Snapshot                | WNS                  | TNS                  | Density (%) | Hotspot                   | Resource               | DRVs       | Layer-OPT |
|                         | HEPG (ns) | ALL (ns) | HEPG (ns) | ALL (ns) |             | Max (bins) | Total (bins) | Real (s) | Memory (MB) | Tran | Cap | Metal8    |
|-------------------------+-----------+----------+-----------+----------+-------------+------------+--------------+----------+-------------+------+-----+-----------|
| initial_summary         |           |   -1.297 |           |      -15 |       89.55 |            |              | 0:00:01  |        4796 |   17 |   0 |           |
| simplify_netlist        |           |          |           |          |             |            |              | 0:00:01  |        4810 |      |     |           |
| drv_fixing              |           |          |           |          |             |            |              | 0:00:00  |        4813 |      |     |           |
| area_reclaiming         |     0.000 |   -1.297 |         0 |      -15 |       89.55 |            |              | 0:00:01  |        4814 |      |     |           |
| drv_fixing_2            |     0.000 |   -1.334 |         0 |      -14 |       92.06 |            |              | 0:00:01  |        4997 |    0 |   0 |           |
| global_opt              |           |   -1.148 |           |       -5 |       94.79 |            |              | 0:00:01  |        5063 |      |     |           |
| area_reclaiming_2       |     0.000 |   -1.143 |         0 |       -5 |       94.46 |            |              | 0:00:01  |        5055 |      |     |           |
| incremental_replacement |    -1.133 |   -1.135 |           |       -5 |             |       0.00 |         0.00 | 0:00:02  |        5200 |      |     |           |
| drv_fixing_3            |    -1.135 |   -1.135 |        -5 |       -5 |       94.62 |            |              | 0:00:01  |        5271 |    0 |   0 |           |
| tns_fixing              |    -1.133 |   -1.135 |        -4 |       -5 |       94.62 |            |              | 0:00:02  |        6018 |      |     |           |
| wns_fixing              |    -0.417 |   -0.417 |        -9 |       -9 |       95.52 |            |              | 0:00:35  |        6069 |      |     |         2 |
| tns_fixing_2            |    -0.417 |   -0.417 |        -9 |       -9 |       95.81 |            |              | 0:00:03  |        6033 |      |     |         2 |
| area_reclaiming_3       |    -0.417 |   -0.417 |        -9 |       -9 |       95.81 |            |              | 0:00:01  |        5472 |      |     |         2 |
| area_reclaiming_4       |    -0.417 |   -0.417 |        -9 |       -9 |       95.81 |            |              | 0:00:00  |        5473 |      |     |           |
| drv_eco_fixing          |    -0.417 |   -0.417 |        -9 |       -9 |       95.81 |            |              | 0:00:00  |        5474 |    1 |   0 |           |
| tns_eco_fixing          |    -0.417 |   -0.417 |        -9 |       -9 |       95.81 |            |              | 0:00:02  |        6045 |      |     |           |
| final_summary           |    -0.417 |   -0.417 |           |       -9 |       95.81 |            |              | 0:00:07  |        5386 |    0 |   0 |           |
 ------------------------------------------------------------------------------------------------------------------------------------------------------------------- 
