 ------------------------------------------------------------------------------------------------------------------------------------------------------- 
| Snapshot                | WNS                  | TNS                  | Density (%) | Hotspot                   | Resource               | DRVs       |
|                         | HEPG (ns) | ALL (ns) | HEPG (ns) | ALL (ns) |             | Max (bins) | Total (bins) | Real (s) | Memory (MB) | Tran | Cap |
|-------------------------+-----------+----------+-----------+----------+-------------+------------+--------------+----------+-------------+------+-----|
| initial_summary         |    -0.165 |   -0.165 |           |       -0 |       90.76 |            |              | 0:00:00  |        5427 |    0 |   0 |
| route_type_refinement   |           |          |           |          |             |            |              | 0:00:00  |        5429 |      |     |
| simplify_netlist        |           |          |           |          |             |            |              | 0:00:00  |        5435 |      |     |
| excluded_clk_net_fixing |           |          |           |          |             |            |              | 0:00:00  |        5435 |      |     |
| global_opt              |           |   -0.085 |           |       -0 |       90.96 |            |              | 0:00:01  |        5544 |      |     |
| area_reclaiming         |    -0.072 |   -0.085 |        -0 |       -0 |       90.66 |            |              | 0:00:01  |        5583 |      |     |
| wns_fixing              |     0.068 |    0.034 |         0 |        0 |       94.81 |            |              | 0:00:09  |        6270 |      |     |
| area_reclaiming_2       |     0.055 |    0.036 |         0 |        0 |       94.79 |            |              | 0:00:01  |        5697 |      |     |
| local_wire_reclaim      |           |          |           |          |             |            |              | 0:00:00  |        5665 |      |     |
| global_route            |           |          |           |          |             |       0.00 |         0.00 | 0:00:00  |        5495 |      |     |
| route_type_refinement_2 |           |          |           |          |             |            |              | 0:00:00  |        5495 |      |     |
| drv_eco_fixing          |    -0.001 |   -0.024 |        -0 |       -0 |       94.90 |            |              | 0:00:00  |        5566 |    0 |   0 |
| tns_eco_fixing          |    -0.001 |   -0.024 |        -0 |       -0 |       94.90 |            |              | 0:00:01  |        6164 |      |     |
| final_summary           |    -0.001 |   -0.023 |           |       -0 |       94.90 |            |              | 0:00:06  |        5575 |    0 |   0 |
 ------------------------------------------------------------------------------------------------------------------------------------------------------- 
