********************************************************************************
Product   : Virtuoso(R) XStream In
Program   : @(#)$CDS: strmin version IC23.1-64b 05/22/2024 07:39 (cpgbld16) $
          : sub-version  IC23.1-64b.ISR7.27 
Started at: 27-Sep-2025  23:52:01
User Name : bas33767
Host Name : ei-vm-018.othr.de
Directory : /home/bas33767/Desktop/DD_Lab_exercise/UR_Project/gpdk45/PV
CADENCE Design Systems, Inc.
********************************************************************************
Info: Cellview Rev Num:99,  Tech Rev Num:59

WARNING (XSTRM-75): Target library 'ur_main' is attached to the technology library 'gpdk045'. Therefore, the technology file is opened in read-only mode. All the undefined layer-purpose pairs will be dropped.
WARNING (XSTRM-107): Existing cells in the target library will be overwritten if the cell names in the Stream file and the target library are the same. To prevent this, set the '-writeMode' option to 'noOverwrite'.
INFO (XSTRM-217): Reading the layer map file, /mnt/cae_storage_sw/eda/cadence/pdks/gpdk045/gpdk045_v_6_0/gpdk045/gpdk045.layermap
INFO (XSTRM-69): All the libraries specified in 'cds.lib' will be considered as reference libraries. This is because '-refLibList' option is specified as "XST_CDS_LIB".
WARNING (XSTRM-333): The '-enableColoring' option will be ignored during XStream In. This is because there is no color entry in the layer map and the object map file.
INFO (XSTRM-163): You have not used the '-viaMap' option. If a viaMap file, corresponding technology file or technology library exist, then use the '-viaMap' option for creating oaVia instances in the Streamed-In library. Using the '-viaMap' option improves performance and VM usage of applications using the Streamed-In design.

Summary of Options:
	library				ur_main
	strmFile			/home/bas33767/Desktop/DD_Lab_exercise/UR_Project/gpdk45/PNR/main.gds
	logFile				strmIn.log
	topCell				Main
	view				layout
	case				Preserve
	layerMap			/mnt/cae_storage_sw/eda/cadence/pdks/gpdk045/gpdk045_v_6_0/gpdk045/gpdk045.layermap
	propSeparator			,
	refLibList				XST_CDS_LIB
	snapToGrid			
	attachTechFileOfLib				gpdk045

INFO (XSTRM-287): The STRUCTURE 'DECAP10' in the input GDSII/Stream file will not be translated. This is because either the '-refLibList' option is used and the cellview is available in the reference library 'gsclib045' or the STRUCTURE is not mapped to the target library using the cell map file/piCellMap SKILL function. Therefore, all the instances of the cellview will be referenced from 'gsclib045/DECAP10/layout'.
INFO (XSTRM-287): The STRUCTURE 'OAI22X2' in the input GDSII/Stream file will not be translated. This is because either the '-refLibList' option is used and the cellview is available in the reference library 'gsclib045' or the STRUCTURE is not mapped to the target library using the cell map file/piCellMap SKILL function. Therefore, all the instances of the cellview will be referenced from 'gsclib045/OAI22X2/layout'.
INFO (XSTRM-287): The STRUCTURE 'MXI2XL' in the input GDSII/Stream file will not be translated. This is because either the '-refLibList' option is used and the cellview is available in the reference library 'gsclib045' or the STRUCTURE is not mapped to the target library using the cell map file/piCellMap SKILL function. Therefore, all the instances of the cellview will be referenced from 'gsclib045/MXI2XL/layout'.
INFO (XSTRM-287): The STRUCTURE 'NAND2X4' in the input GDSII/Stream file will not be translated. This is because either the '-refLibList' option is used and the cellview is available in the reference library 'gsclib045' or the STRUCTURE is not mapped to the target library using the cell map file/piCellMap SKILL function. Therefore, all the instances of the cellview will be referenced from 'gsclib045/NAND2X4/layout'.
INFO (XSTRM-287): The STRUCTURE 'AO21X1' in the input GDSII/Stream file will not be translated. This is because either the '-refLibList' option is used and the cellview is available in the reference library 'gsclib045' or the STRUCTURE is not mapped to the target library using the cell map file/piCellMap SKILL function. Therefore, all the instances of the cellview will be referenced from 'gsclib045/AO21X1/layout'.
INFO (XSTRM-287): The STRUCTURE 'OR2X1' in the input GDSII/Stream file will not be translated. This is because either the '-refLibList' option is used and the cellview is available in the reference library 'gsclib045' or the STRUCTURE is not mapped to the target library using the cell map file/piCellMap SKILL function. Therefore, all the instances of the cellview will be referenced from 'gsclib045/OR2X1/layout'.
INFO (XSTRM-287): The STRUCTURE 'XNOR2X1' in the input GDSII/Stream file will not be translated. This is because either the '-refLibList' option is used and the cellview is available in the reference library 'gsclib045' or the STRUCTURE is not mapped to the target library using the cell map file/piCellMap SKILL function. Therefore, all the instances of the cellview will be referenced from 'gsclib045/XNOR2X1/layout'.
INFO (XSTRM-287): The STRUCTURE 'INVX2' in the input GDSII/Stream file will not be translated. This is because either the '-refLibList' option is used and the cellview is available in the reference library 'gsclib045' or the STRUCTURE is not mapped to the target library using the cell map file/piCellMap SKILL function. Therefore, all the instances of the cellview will be referenced from 'gsclib045/INVX2/layout'.
INFO (XSTRM-287): The STRUCTURE 'NOR2X2' in the input GDSII/Stream file will not be translated. This is because either the '-refLibList' option is used and the cellview is available in the reference library 'gsclib045' or the STRUCTURE is not mapped to the target library using the cell map file/piCellMap SKILL function. Therefore, all the instances of the cellview will be referenced from 'gsclib045/NOR2X2/layout'.
INFO (XSTRM-287): The STRUCTURE 'AND2X1' in the input GDSII/Stream file will not be translated. This is because either the '-refLibList' option is used and the cellview is available in the reference library 'gsclib045' or the STRUCTURE is not mapped to the target library using the cell map file/piCellMap SKILL function. Therefore, all the instances of the cellview will be referenced from 'gsclib045/AND2X1/layout'.
INFO (XSTRM-287): The STRUCTURE 'NAND2BX2' in the input GDSII/Stream file will not be translated. This is because either the '-refLibList' option is used and the cellview is available in the reference library 'gsclib045' or the STRUCTURE is not mapped to the target library using the cell map file/piCellMap SKILL function. Therefore, all the instances of the cellview will be referenced from 'gsclib045/NAND2BX2/layout'.
INFO (XSTRM-287): The STRUCTURE 'ADDHX1' in the input GDSII/Stream file will not be translated. This is because either the '-refLibList' option is used and the cellview is available in the reference library 'gsclib045' or the STRUCTURE is not mapped to the target library using the cell map file/piCellMap SKILL function. Therefore, all the instances of the cellview will be referenced from 'gsclib045/ADDHX1/layout'.
INFO (XSTRM-287): The STRUCTURE 'CLKAND2X2' in the input GDSII/Stream file will not be translated. This is because either the '-refLibList' option is used and the cellview is available in the reference library 'gsclib045' or the STRUCTURE is not mapped to the target library using the cell map file/piCellMap SKILL function. Therefore, all the instances of the cellview will be referenced from 'gsclib045/CLKAND2X2/layout'.
INFO (XSTRM-287): The STRUCTURE 'NAND2BX4' in the input GDSII/Stream file will not be translated. This is because either the '-refLibList' option is used and the cellview is available in the reference library 'gsclib045' or the STRUCTURE is not mapped to the target library using the cell map file/piCellMap SKILL function. Therefore, all the instances of the cellview will be referenced from 'gsclib045/NAND2BX4/layout'.
INFO (XSTRM-287): The STRUCTURE 'MXI2X1' in the input GDSII/Stream file will not be translated. This is because either the '-refLibList' option is used and the cellview is available in the reference library 'gsclib045' or the STRUCTURE is not mapped to the target library using the cell map file/piCellMap SKILL function. Therefore, all the instances of the cellview will be referenced from 'gsclib045/MXI2X1/layout'.
INFO (XSTRM-287): The STRUCTURE 'XOR2XL' in the input GDSII/Stream file will not be translated. This is because either the '-refLibList' option is used and the cellview is available in the reference library 'gsclib045' or the STRUCTURE is not mapped to the target library using the cell map file/piCellMap SKILL function. Therefore, all the instances of the cellview will be referenced from 'gsclib045/XOR2XL/layout'.
INFO (XSTRM-287): The STRUCTURE 'NAND2X1' in the input GDSII/Stream file will not be translated. This is because either the '-refLibList' option is used and the cellview is available in the reference library 'gsclib045' or the STRUCTURE is not mapped to the target library using the cell map file/piCellMap SKILL function. Therefore, all the instances of the cellview will be referenced from 'gsclib045/NAND2X1/layout'.
INFO (XSTRM-287): The STRUCTURE 'OAI211X1' in the input GDSII/Stream file will not be translated. This is because either the '-refLibList' option is used and the cellview is available in the reference library 'gsclib045' or the STRUCTURE is not mapped to the target library using the cell map file/piCellMap SKILL function. Therefore, all the instances of the cellview will be referenced from 'gsclib045/OAI211X1/layout'.
INFO (XSTRM-287): The STRUCTURE 'OAI21X2' in the input GDSII/Stream file will not be translated. This is because either the '-refLibList' option is used and the cellview is available in the reference library 'gsclib045' or the STRUCTURE is not mapped to the target library using the cell map file/piCellMap SKILL function. Therefore, all the instances of the cellview will be referenced from 'gsclib045/OAI21X2/layout'.
INFO (XSTRM-287): The STRUCTURE 'CLKXOR2X1' in the input GDSII/Stream file will not be translated. This is because either the '-refLibList' option is used and the cellview is available in the reference library 'gsclib045' or the STRUCTURE is not mapped to the target library using the cell map file/piCellMap SKILL function. Therefore, all the instances of the cellview will be referenced from 'gsclib045/CLKXOR2X1/layout'.
INFO (XSTRM-287): The STRUCTURE 'AO22XL' in the input GDSII/Stream file will not be translated. This is because either the '-refLibList' option is used and the cellview is available in the reference library 'gsclib045' or the STRUCTURE is not mapped to the target library using the cell map file/piCellMap SKILL function. Therefore, all the instances of the cellview will be referenced from 'gsclib045/AO22XL/layout'.
INFO (XSTRM-287): The STRUCTURE 'CLKINVX20' in the input GDSII/Stream file will not be translated. This is because either the '-refLibList' option is used and the cellview is available in the reference library 'gsclib045' or the STRUCTURE is not mapped to the target library using the cell map file/piCellMap SKILL function. Therefore, all the instances of the cellview will be referenced from 'gsclib045/CLKINVX20/layout'.
INFO (XSTRM-287): The STRUCTURE 'NOR2X4' in the input GDSII/Stream file will not be translated. This is because either the '-refLibList' option is used and the cellview is available in the reference library 'gsclib045' or the STRUCTURE is not mapped to the target library using the cell map file/piCellMap SKILL function. Therefore, all the instances of the cellview will be referenced from 'gsclib045/NOR2X4/layout'.
INFO (XSTRM-287): The STRUCTURE 'OAI21X1' in the input GDSII/Stream file will not be translated. This is because either the '-refLibList' option is used and the cellview is available in the reference library 'gsclib045' or the STRUCTURE is not mapped to the target library using the cell map file/piCellMap SKILL function. Therefore, all the instances of the cellview will be referenced from 'gsclib045/OAI21X1/layout'.
INFO (XSTRM-287): The STRUCTURE 'OAI21X4' in the input GDSII/Stream file will not be translated. This is because either the '-refLibList' option is used and the cellview is available in the reference library 'gsclib045' or the STRUCTURE is not mapped to the target library using the cell map file/piCellMap SKILL function. Therefore, all the instances of the cellview will be referenced from 'gsclib045/OAI21X4/layout'.
INFO (XSTRM-287): The STRUCTURE 'NAND2X2' in the input GDSII/Stream file will not be translated. This is because either the '-refLibList' option is used and the cellview is available in the reference library 'gsclib045' or the STRUCTURE is not mapped to the target library using the cell map file/piCellMap SKILL function. Therefore, all the instances of the cellview will be referenced from 'gsclib045/NAND2X2/layout'.
INFO (XSTRM-287): The STRUCTURE 'NOR2X1' in the input GDSII/Stream file will not be translated. This is because either the '-refLibList' option is used and the cellview is available in the reference library 'gsclib045' or the STRUCTURE is not mapped to the target library using the cell map file/piCellMap SKILL function. Therefore, all the instances of the cellview will be referenced from 'gsclib045/NOR2X1/layout'.
INFO (XSTRM-287): The STRUCTURE 'BUFX2' in the input GDSII/Stream file will not be translated. This is because either the '-refLibList' option is used and the cellview is available in the reference library 'gsclib045' or the STRUCTURE is not mapped to the target library using the cell map file/piCellMap SKILL function. Therefore, all the instances of the cellview will be referenced from 'gsclib045/BUFX2/layout'.
INFO (XSTRM-287): The STRUCTURE 'NOR2BX1' in the input GDSII/Stream file will not be translated. This is because either the '-refLibList' option is used and the cellview is available in the reference library 'gsclib045' or the STRUCTURE is not mapped to the target library using the cell map file/piCellMap SKILL function. Therefore, all the instances of the cellview will be referenced from 'gsclib045/NOR2BX1/layout'.
INFO (XSTRM-287): The STRUCTURE 'NAND3BXL' in the input GDSII/Stream file will not be translated. This is because either the '-refLibList' option is used and the cellview is available in the reference library 'gsclib045' or the STRUCTURE is not mapped to the target library using the cell map file/piCellMap SKILL function. Therefore, all the instances of the cellview will be referenced from 'gsclib045/NAND3BXL/layout'.
INFO (XSTRM-287): The STRUCTURE 'INVX1' in the input GDSII/Stream file will not be translated. This is because either the '-refLibList' option is used and the cellview is available in the reference library 'gsclib045' or the STRUCTURE is not mapped to the target library using the cell map file/piCellMap SKILL function. Therefore, all the instances of the cellview will be referenced from 'gsclib045/INVX1/layout'.
INFO (XSTRM-287): The STRUCTURE 'BUFX3' in the input GDSII/Stream file will not be translated. This is because either the '-refLibList' option is used and the cellview is available in the reference library 'gsclib045' or the STRUCTURE is not mapped to the target library using the cell map file/piCellMap SKILL function. Therefore, all the instances of the cellview will be referenced from 'gsclib045/BUFX3/layout'.
INFO (XSTRM-287): The STRUCTURE 'SDFFRHQX1' in the input GDSII/Stream file will not be translated. This is because either the '-refLibList' option is used and the cellview is available in the reference library 'gsclib045' or the STRUCTURE is not mapped to the target library using the cell map file/piCellMap SKILL function. Therefore, all the instances of the cellview will be referenced from 'gsclib045/SDFFRHQX1/layout'.
INFO (XSTRM-287): The STRUCTURE 'INVXL' in the input GDSII/Stream file will not be translated. This is because either the '-refLibList' option is used and the cellview is available in the reference library 'gsclib045' or the STRUCTURE is not mapped to the target library using the cell map file/piCellMap SKILL function. Therefore, all the instances of the cellview will be referenced from 'gsclib045/INVXL/layout'.
INFO (XSTRM-287): The STRUCTURE 'CLKBUFX8' in the input GDSII/Stream file will not be translated. This is because either the '-refLibList' option is used and the cellview is available in the reference library 'gsclib045' or the STRUCTURE is not mapped to the target library using the cell map file/piCellMap SKILL function. Therefore, all the instances of the cellview will be referenced from 'gsclib045/CLKBUFX8/layout'.
INFO (XSTRM-287): The STRUCTURE 'ADDFHX1' in the input GDSII/Stream file will not be translated. This is because either the '-refLibList' option is used and the cellview is available in the reference library 'gsclib045' or the STRUCTURE is not mapped to the target library using the cell map file/piCellMap SKILL function. Therefore, all the instances of the cellview will be referenced from 'gsclib045/ADDFHX1/layout'.
INFO (XSTRM-287): The STRUCTURE 'ADDFHXL' in the input GDSII/Stream file will not be translated. This is because either the '-refLibList' option is used and the cellview is available in the reference library 'gsclib045' or the STRUCTURE is not mapped to the target library using the cell map file/piCellMap SKILL function. Therefore, all the instances of the cellview will be referenced from 'gsclib045/ADDFHXL/layout'.
INFO (XSTRM-287): The STRUCTURE 'OR2X4' in the input GDSII/Stream file will not be translated. This is because either the '-refLibList' option is used and the cellview is available in the reference library 'gsclib045' or the STRUCTURE is not mapped to the target library using the cell map file/piCellMap SKILL function. Therefore, all the instances of the cellview will be referenced from 'gsclib045/OR2X4/layout'.
INFO (XSTRM-287): The STRUCTURE 'SDFFQX1' in the input GDSII/Stream file will not be translated. This is because either the '-refLibList' option is used and the cellview is available in the reference library 'gsclib045' or the STRUCTURE is not mapped to the target library using the cell map file/piCellMap SKILL function. Therefore, all the instances of the cellview will be referenced from 'gsclib045/SDFFQX1/layout'.
INFO (XSTRM-287): The STRUCTURE 'ADDFX1' in the input GDSII/Stream file will not be translated. This is because either the '-refLibList' option is used and the cellview is available in the reference library 'gsclib045' or the STRUCTURE is not mapped to the target library using the cell map file/piCellMap SKILL function. Therefore, all the instances of the cellview will be referenced from 'gsclib045/ADDFX1/layout'.
INFO (XSTRM-287): The STRUCTURE 'CLKBUFX2' in the input GDSII/Stream file will not be translated. This is because either the '-refLibList' option is used and the cellview is available in the reference library 'gsclib045' or the STRUCTURE is not mapped to the target library using the cell map file/piCellMap SKILL function. Therefore, all the instances of the cellview will be referenced from 'gsclib045/CLKBUFX2/layout'.
INFO (XSTRM-287): The STRUCTURE 'ADDFXL' in the input GDSII/Stream file will not be translated. This is because either the '-refLibList' option is used and the cellview is available in the reference library 'gsclib045' or the STRUCTURE is not mapped to the target library using the cell map file/piCellMap SKILL function. Therefore, all the instances of the cellview will be referenced from 'gsclib045/ADDFXL/layout'.
INFO (XSTRM-287): The STRUCTURE 'FILL1' in the input GDSII/Stream file will not be translated. This is because either the '-refLibList' option is used and the cellview is available in the reference library 'gsclib045' or the STRUCTURE is not mapped to the target library using the cell map file/piCellMap SKILL function. Therefore, all the instances of the cellview will be referenced from 'gsclib045/FILL1/layout'.
INFO (XSTRM-287): The STRUCTURE 'SDFFRHQX4' in the input GDSII/Stream file will not be translated. This is because either the '-refLibList' option is used and the cellview is available in the reference library 'gsclib045' or the STRUCTURE is not mapped to the target library using the cell map file/piCellMap SKILL function. Therefore, all the instances of the cellview will be referenced from 'gsclib045/SDFFRHQX4/layout'.
INFO (XSTRM-287): The STRUCTURE 'OAI2BB1X1' in the input GDSII/Stream file will not be translated. This is because either the '-refLibList' option is used and the cellview is available in the reference library 'gsclib045' or the STRUCTURE is not mapped to the target library using the cell map file/piCellMap SKILL function. Therefore, all the instances of the cellview will be referenced from 'gsclib045/OAI2BB1X1/layout'.
INFO (XSTRM-287): The STRUCTURE 'SDFFRHQX2' in the input GDSII/Stream file will not be translated. This is because either the '-refLibList' option is used and the cellview is available in the reference library 'gsclib045' or the STRUCTURE is not mapped to the target library using the cell map file/piCellMap SKILL function. Therefore, all the instances of the cellview will be referenced from 'gsclib045/SDFFRHQX2/layout'.
INFO (XSTRM-287): The STRUCTURE 'FILL2' in the input GDSII/Stream file will not be translated. This is because either the '-refLibList' option is used and the cellview is available in the reference library 'gsclib045' or the STRUCTURE is not mapped to the target library using the cell map file/piCellMap SKILL function. Therefore, all the instances of the cellview will be referenced from 'gsclib045/FILL2/layout'.
INFO (XSTRM-287): The STRUCTURE 'OAI22X1' in the input GDSII/Stream file will not be translated. This is because either the '-refLibList' option is used and the cellview is available in the reference library 'gsclib045' or the STRUCTURE is not mapped to the target library using the cell map file/piCellMap SKILL function. Therefore, all the instances of the cellview will be referenced from 'gsclib045/OAI22X1/layout'.
INFO (XSTRM-287): The STRUCTURE 'MX2XL' in the input GDSII/Stream file will not be translated. This is because either the '-refLibList' option is used and the cellview is available in the reference library 'gsclib045' or the STRUCTURE is not mapped to the target library using the cell map file/piCellMap SKILL function. Therefore, all the instances of the cellview will be referenced from 'gsclib045/MX2XL/layout'.
INFO (XSTRM-287): The STRUCTURE 'NAND2BXL' in the input GDSII/Stream file will not be translated. This is because either the '-refLibList' option is used and the cellview is available in the reference library 'gsclib045' or the STRUCTURE is not mapped to the target library using the cell map file/piCellMap SKILL function. Therefore, all the instances of the cellview will be referenced from 'gsclib045/NAND2BXL/layout'.
INFO (XSTRM-287): The STRUCTURE 'AOI221X1' in the input GDSII/Stream file will not be translated. This is because either the '-refLibList' option is used and the cellview is available in the reference library 'gsclib045' or the STRUCTURE is not mapped to the target library using the cell map file/piCellMap SKILL function. Therefore, all the instances of the cellview will be referenced from 'gsclib045/AOI221X1/layout'.
INFO (XSTRM-287): The STRUCTURE 'AOI22X1' in the input GDSII/Stream file will not be translated. This is because either the '-refLibList' option is used and the cellview is available in the reference library 'gsclib045' or the STRUCTURE is not mapped to the target library using the cell map file/piCellMap SKILL function. Therefore, all the instances of the cellview will be referenced from 'gsclib045/AOI22X1/layout'.
INFO (XSTRM-287): The STRUCTURE 'NAND2BX1' in the input GDSII/Stream file will not be translated. This is because either the '-refLibList' option is used and the cellview is available in the reference library 'gsclib045' or the STRUCTURE is not mapped to the target library using the cell map file/piCellMap SKILL function. Therefore, all the instances of the cellview will be referenced from 'gsclib045/NAND2BX1/layout'.
INFO (XSTRM-287): The STRUCTURE 'OAI22XL' in the input GDSII/Stream file will not be translated. This is because either the '-refLibList' option is used and the cellview is available in the reference library 'gsclib045' or the STRUCTURE is not mapped to the target library using the cell map file/piCellMap SKILL function. Therefore, all the instances of the cellview will be referenced from 'gsclib045/OAI22XL/layout'.
INFO (XSTRM-287): The STRUCTURE 'AOI21XL' in the input GDSII/Stream file will not be translated. This is because either the '-refLibList' option is used and the cellview is available in the reference library 'gsclib045' or the STRUCTURE is not mapped to the target library using the cell map file/piCellMap SKILL function. Therefore, all the instances of the cellview will be referenced from 'gsclib045/AOI21XL/layout'.
INFO (XSTRM-287): The STRUCTURE 'OR2X6' in the input GDSII/Stream file will not be translated. This is because either the '-refLibList' option is used and the cellview is available in the reference library 'gsclib045' or the STRUCTURE is not mapped to the target library using the cell map file/piCellMap SKILL function. Therefore, all the instances of the cellview will be referenced from 'gsclib045/OR2X6/layout'.
INFO (XSTRM-287): The STRUCTURE 'CLKINVX6' in the input GDSII/Stream file will not be translated. This is because either the '-refLibList' option is used and the cellview is available in the reference library 'gsclib045' or the STRUCTURE is not mapped to the target library using the cell map file/piCellMap SKILL function. Therefore, all the instances of the cellview will be referenced from 'gsclib045/CLKINVX6/layout'.
INFO (XSTRM-287): The STRUCTURE 'FILL4' in the input GDSII/Stream file will not be translated. This is because either the '-refLibList' option is used and the cellview is available in the reference library 'gsclib045' or the STRUCTURE is not mapped to the target library using the cell map file/piCellMap SKILL function. Therefore, all the instances of the cellview will be referenced from 'gsclib045/FILL4/layout'.
INFO (XSTRM-287): The STRUCTURE 'AND2XL' in the input GDSII/Stream file will not be translated. This is because either the '-refLibList' option is used and the cellview is available in the reference library 'gsclib045' or the STRUCTURE is not mapped to the target library using the cell map file/piCellMap SKILL function. Therefore, all the instances of the cellview will be referenced from 'gsclib045/AND2XL/layout'.
INFO (XSTRM-287): The STRUCTURE 'FILL8' in the input GDSII/Stream file will not be translated. This is because either the '-refLibList' option is used and the cellview is available in the reference library 'gsclib045' or the STRUCTURE is not mapped to the target library using the cell map file/piCellMap SKILL function. Therefore, all the instances of the cellview will be referenced from 'gsclib045/FILL8/layout'.
INFO (XSTRM-418): DbuPerUU (2000) specified in the technology database or using '-dbuPerUU' does not match with the value (1000) set in the GDSII file.
INFO (XSTRM-220): 1. Translating STRUCTURE Main_VIA0 as cellView ur_main/Main_VIA0/layout.
INFO (XSTRM-220): 2. Translating STRUCTURE Main_VIA1 as cellView ur_main/Main_VIA1/layout.
INFO (XSTRM-220): 3. Translating STRUCTURE Main as cellView ur_main/Main/layout.
WARNING (XSTRM-36): The objects in the stream layer-datatype '235:0' are ignored. This is because the stream layer-datatype pair is either not specified in the layer map file or the entry is invalid and was therefore ignored. Specify the stream layer-datatype pair in the layer map file or correct the wrong entry and try again.

Summary of Objects Translated:
	Instances:                              666
	CustomVias:                             0
	StandardVias:                           3971
	CdsGenVias:                             0
	Arrays:                                 0
	Polygons:                               0
	Paths:                                  4813
	PathSegs:                               0
	Rectangles:                             583
	Text:                                   105
	Node:                                   0
	Line:                                   0
	Cells:                                  3

Elapsed Time: 0.3s   User Time: 0.2s   CPU Time: 0.0s   Peak VM: 13756KB  CPUs Used: 2
INFO (XSTRM-234): Translation completed. '0' error(s) and '4' warning(s) found.
