********************************************************************************
Product   : Virtuoso(R) XStream In
Program   : @(#)$CDS: strmin version IC23.1-64b 05/22/2024 07:39 (cpgbld16) $
          : sub-version  IC23.1-64b.ISR7.27 
Started at: 08-Aug-2025  21:11:07
User Name : bas33767
Host Name : ei-vm-018.othr.de
Directory : /home/bas33767/Desktop/DD_Lab_exercise/UR_Project/PV
CADENCE Design Systems, Inc.
********************************************************************************
Info: Cellview Rev Num:99,  Tech Rev Num:59

WARNING (XSTRM-75): Target library 'UR_Main' is attached to the technology library 'ihp_sg13g2_stdcell'. Therefore, the technology file is opened in read-only mode. All the undefined layer-purpose pairs will be dropped.
WARNING (XSTRM-107): Existing cells in the target library will be overwritten if the cell names in the Stream file and the target library are the same. To prevent this, set the '-writeMode' option to 'noOverwrite'.
INFO (XSTRM-217): Reading the layer map file, /mnt/cae_storage_sw/eda/cadence/pdks/ihp_sg13g2/sg13g2_oa_ads2024_rev1.3.2/lib/SG13_dev/SG13_dev.layermap
INFO (XSTRM-69): All the libraries specified in 'cds.lib' will be considered as reference libraries. This is because '-refLibList' option is specified as "XST_CDS_LIB".
WARNING (XSTRM-333): The '-enableColoring' option will be ignored during XStream In. This is because there is no color entry in the layer map and the object map file.
INFO (XSTRM-163): You have not used the '-viaMap' option. If a viaMap file, corresponding technology file or technology library exist, then use the '-viaMap' option for creating oaVia instances in the Streamed-In library. Using the '-viaMap' option improves performance and VM usage of applications using the Streamed-In design.

Summary of Options:
	library				UR_Main
	strmFile			/home/bas33767/Desktop/DD_Lab_exercise/UR_Project/PNR/main.gds
	logFile				strmIn.log
	topCell				Main
	view				layout
	case				Preserve
	layerMap			/mnt/cae_storage_sw/eda/cadence/pdks/ihp_sg13g2/sg13g2_oa_ads2024_rev1.3.2/lib/SG13_dev/SG13_dev.layermap
	propSeparator			,
	refLibList				XST_CDS_LIB
	snapToGrid			

INFO (XSTRM-287): The STRUCTURE 'NA2I1JIX1' in the input GDSII/Stream file will not be translated. This is because either the '-refLibList' option is used and the cellview is available in the reference library 'ihp_sg13g2_stdcell' or the STRUCTURE is not mapped to the target library using the cell map file/piCellMap SKILL function. Therefore, all the instances of the cellview will be referenced from 'ihp_sg13g2_stdcell/NA2I1JIX1/layout'.
INFO (XSTRM-287): The STRUCTURE 'OR2JIX0' in the input GDSII/Stream file will not be translated. This is because either the '-refLibList' option is used and the cellview is available in the reference library 'ihp_sg13g2_stdcell' or the STRUCTURE is not mapped to the target library using the cell map file/piCellMap SKILL function. Therefore, all the instances of the cellview will be referenced from 'ihp_sg13g2_stdcell/OR2JIX0/layout'.
INFO (XSTRM-287): The STRUCTURE 'EO3JIX0' in the input GDSII/Stream file will not be translated. This is because either the '-refLibList' option is used and the cellview is available in the reference library 'ihp_sg13g2_stdcell' or the STRUCTURE is not mapped to the target library using the cell map file/piCellMap SKILL function. Therefore, all the instances of the cellview will be referenced from 'ihp_sg13g2_stdcell/EO3JIX0/layout'.
INFO (XSTRM-287): The STRUCTURE 'AND2JIX0' in the input GDSII/Stream file will not be translated. This is because either the '-refLibList' option is used and the cellview is available in the reference library 'ihp_sg13g2_stdcell' or the STRUCTURE is not mapped to the target library using the cell map file/piCellMap SKILL function. Therefore, all the instances of the cellview will be referenced from 'ihp_sg13g2_stdcell/AND2JIX0/layout'.
INFO (XSTRM-287): The STRUCTURE 'FEED1JI' in the input GDSII/Stream file will not be translated. This is because either the '-refLibList' option is used and the cellview is available in the reference library 'ihp_sg13g2_stdcell' or the STRUCTURE is not mapped to the target library using the cell map file/piCellMap SKILL function. Therefore, all the instances of the cellview will be referenced from 'ihp_sg13g2_stdcell/FEED1JI/layout'.
INFO (XSTRM-287): The STRUCTURE 'ON211JIX1' in the input GDSII/Stream file will not be translated. This is because either the '-refLibList' option is used and the cellview is available in the reference library 'ihp_sg13g2_stdcell' or the STRUCTURE is not mapped to the target library using the cell map file/piCellMap SKILL function. Therefore, all the instances of the cellview will be referenced from 'ihp_sg13g2_stdcell/ON211JIX1/layout'.
INFO (XSTRM-287): The STRUCTURE 'ON21JIX0' in the input GDSII/Stream file will not be translated. This is because either the '-refLibList' option is used and the cellview is available in the reference library 'ihp_sg13g2_stdcell' or the STRUCTURE is not mapped to the target library using the cell map file/piCellMap SKILL function. Therefore, all the instances of the cellview will be referenced from 'ihp_sg13g2_stdcell/ON21JIX0/layout'.
INFO (XSTRM-287): The STRUCTURE 'NA2I1JIX0' in the input GDSII/Stream file will not be translated. This is because either the '-refLibList' option is used and the cellview is available in the reference library 'ihp_sg13g2_stdcell' or the STRUCTURE is not mapped to the target library using the cell map file/piCellMap SKILL function. Therefore, all the instances of the cellview will be referenced from 'ihp_sg13g2_stdcell/NA2I1JIX0/layout'.
INFO (XSTRM-287): The STRUCTURE 'EO2JIX1' in the input GDSII/Stream file will not be translated. This is because either the '-refLibList' option is used and the cellview is available in the reference library 'ihp_sg13g2_stdcell' or the STRUCTURE is not mapped to the target library using the cell map file/piCellMap SKILL function. Therefore, all the instances of the cellview will be referenced from 'ihp_sg13g2_stdcell/EO2JIX1/layout'.
INFO (XSTRM-287): The STRUCTURE 'AND2JIX1' in the input GDSII/Stream file will not be translated. This is because either the '-refLibList' option is used and the cellview is available in the reference library 'ihp_sg13g2_stdcell' or the STRUCTURE is not mapped to the target library using the cell map file/piCellMap SKILL function. Therefore, all the instances of the cellview will be referenced from 'ihp_sg13g2_stdcell/AND2JIX1/layout'.
INFO (XSTRM-287): The STRUCTURE 'AO21JIX0' in the input GDSII/Stream file will not be translated. This is because either the '-refLibList' option is used and the cellview is available in the reference library 'ihp_sg13g2_stdcell' or the STRUCTURE is not mapped to the target library using the cell map file/piCellMap SKILL function. Therefore, all the instances of the cellview will be referenced from 'ihp_sg13g2_stdcell/AO21JIX0/layout'.
INFO (XSTRM-287): The STRUCTURE 'ON31JIX0' in the input GDSII/Stream file will not be translated. This is because either the '-refLibList' option is used and the cellview is available in the reference library 'ihp_sg13g2_stdcell' or the STRUCTURE is not mapped to the target library using the cell map file/piCellMap SKILL function. Therefore, all the instances of the cellview will be referenced from 'ihp_sg13g2_stdcell/ON31JIX0/layout'.
INFO (XSTRM-287): The STRUCTURE 'NA3I1JIX0' in the input GDSII/Stream file will not be translated. This is because either the '-refLibList' option is used and the cellview is available in the reference library 'ihp_sg13g2_stdcell' or the STRUCTURE is not mapped to the target library using the cell map file/piCellMap SKILL function. Therefore, all the instances of the cellview will be referenced from 'ihp_sg13g2_stdcell/NA3I1JIX0/layout'.
INFO (XSTRM-287): The STRUCTURE 'AO32JIX0' in the input GDSII/Stream file will not be translated. This is because either the '-refLibList' option is used and the cellview is available in the reference library 'ihp_sg13g2_stdcell' or the STRUCTURE is not mapped to the target library using the cell map file/piCellMap SKILL function. Therefore, all the instances of the cellview will be referenced from 'ihp_sg13g2_stdcell/AO32JIX0/layout'.
INFO (XSTRM-287): The STRUCTURE 'NA2JIX1' in the input GDSII/Stream file will not be translated. This is because either the '-refLibList' option is used and the cellview is available in the reference library 'ihp_sg13g2_stdcell' or the STRUCTURE is not mapped to the target library using the cell map file/piCellMap SKILL function. Therefore, all the instances of the cellview will be referenced from 'ihp_sg13g2_stdcell/NA2JIX1/layout'.
INFO (XSTRM-287): The STRUCTURE 'DECAP3JI' in the input GDSII/Stream file will not be translated. This is because either the '-refLibList' option is used and the cellview is available in the reference library 'ihp_sg13g2_stdcell' or the STRUCTURE is not mapped to the target library using the cell map file/piCellMap SKILL function. Therefore, all the instances of the cellview will be referenced from 'ihp_sg13g2_stdcell/DECAP3JI/layout'.
INFO (XSTRM-287): The STRUCTURE 'INVJIX1' in the input GDSII/Stream file will not be translated. This is because either the '-refLibList' option is used and the cellview is available in the reference library 'ihp_sg13g2_stdcell' or the STRUCTURE is not mapped to the target library using the cell map file/piCellMap SKILL function. Therefore, all the instances of the cellview will be referenced from 'ihp_sg13g2_stdcell/INVJIX1/layout'.
INFO (XSTRM-287): The STRUCTURE 'HAJIX1' in the input GDSII/Stream file will not be translated. This is because either the '-refLibList' option is used and the cellview is available in the reference library 'ihp_sg13g2_stdcell' or the STRUCTURE is not mapped to the target library using the cell map file/piCellMap SKILL function. Therefore, all the instances of the cellview will be referenced from 'ihp_sg13g2_stdcell/HAJIX1/layout'.
INFO (XSTRM-287): The STRUCTURE 'SDFRRSJIX1' in the input GDSII/Stream file will not be translated. This is because either the '-refLibList' option is used and the cellview is available in the reference library 'ihp_sg13g2_stdcell' or the STRUCTURE is not mapped to the target library using the cell map file/piCellMap SKILL function. Therefore, all the instances of the cellview will be referenced from 'ihp_sg13g2_stdcell/SDFRRSJIX1/layout'.
INFO (XSTRM-287): The STRUCTURE 'NA4JIX0' in the input GDSII/Stream file will not be translated. This is because either the '-refLibList' option is used and the cellview is available in the reference library 'ihp_sg13g2_stdcell' or the STRUCTURE is not mapped to the target library using the cell map file/piCellMap SKILL function. Therefore, all the instances of the cellview will be referenced from 'ihp_sg13g2_stdcell/NA4JIX0/layout'.
INFO (XSTRM-287): The STRUCTURE 'BUJIX1' in the input GDSII/Stream file will not be translated. This is because either the '-refLibList' option is used and the cellview is available in the reference library 'ihp_sg13g2_stdcell' or the STRUCTURE is not mapped to the target library using the cell map file/piCellMap SKILL function. Therefore, all the instances of the cellview will be referenced from 'ihp_sg13g2_stdcell/BUJIX1/layout'.
INFO (XSTRM-287): The STRUCTURE 'NO2I1JIX0' in the input GDSII/Stream file will not be translated. This is because either the '-refLibList' option is used and the cellview is available in the reference library 'ihp_sg13g2_stdcell' or the STRUCTURE is not mapped to the target library using the cell map file/piCellMap SKILL function. Therefore, all the instances of the cellview will be referenced from 'ihp_sg13g2_stdcell/NO2I1JIX0/layout'.
INFO (XSTRM-287): The STRUCTURE 'AO22JIX0' in the input GDSII/Stream file will not be translated. This is because either the '-refLibList' option is used and the cellview is available in the reference library 'ihp_sg13g2_stdcell' or the STRUCTURE is not mapped to the target library using the cell map file/piCellMap SKILL function. Therefore, all the instances of the cellview will be referenced from 'ihp_sg13g2_stdcell/AO22JIX0/layout'.
INFO (XSTRM-287): The STRUCTURE 'AN22JIX0' in the input GDSII/Stream file will not be translated. This is because either the '-refLibList' option is used and the cellview is available in the reference library 'ihp_sg13g2_stdcell' or the STRUCTURE is not mapped to the target library using the cell map file/piCellMap SKILL function. Therefore, all the instances of the cellview will be referenced from 'ihp_sg13g2_stdcell/AN22JIX0/layout'.
INFO (XSTRM-287): The STRUCTURE 'INVJIX0' in the input GDSII/Stream file will not be translated. This is because either the '-refLibList' option is used and the cellview is available in the reference library 'ihp_sg13g2_stdcell' or the STRUCTURE is not mapped to the target library using the cell map file/piCellMap SKILL function. Therefore, all the instances of the cellview will be referenced from 'ihp_sg13g2_stdcell/INVJIX0/layout'.
INFO (XSTRM-287): The STRUCTURE 'NO2I1JIX1' in the input GDSII/Stream file will not be translated. This is because either the '-refLibList' option is used and the cellview is available in the reference library 'ihp_sg13g2_stdcell' or the STRUCTURE is not mapped to the target library using the cell map file/piCellMap SKILL function. Therefore, all the instances of the cellview will be referenced from 'ihp_sg13g2_stdcell/NO2I1JIX1/layout'.
INFO (XSTRM-287): The STRUCTURE 'AND3JIX0' in the input GDSII/Stream file will not be translated. This is because either the '-refLibList' option is used and the cellview is available in the reference library 'ihp_sg13g2_stdcell' or the STRUCTURE is not mapped to the target library using the cell map file/piCellMap SKILL function. Therefore, all the instances of the cellview will be referenced from 'ihp_sg13g2_stdcell/AND3JIX0/layout'.
INFO (XSTRM-287): The STRUCTURE 'EO2JIX0' in the input GDSII/Stream file will not be translated. This is because either the '-refLibList' option is used and the cellview is available in the reference library 'ihp_sg13g2_stdcell' or the STRUCTURE is not mapped to the target library using the cell map file/piCellMap SKILL function. Therefore, all the instances of the cellview will be referenced from 'ihp_sg13g2_stdcell/EO2JIX0/layout'.
INFO (XSTRM-287): The STRUCTURE 'EN2JIX0' in the input GDSII/Stream file will not be translated. This is because either the '-refLibList' option is used and the cellview is available in the reference library 'ihp_sg13g2_stdcell' or the STRUCTURE is not mapped to the target library using the cell map file/piCellMap SKILL function. Therefore, all the instances of the cellview will be referenced from 'ihp_sg13g2_stdcell/EN2JIX0/layout'.
INFO (XSTRM-287): The STRUCTURE 'ON21JIX1' in the input GDSII/Stream file will not be translated. This is because either the '-refLibList' option is used and the cellview is available in the reference library 'ihp_sg13g2_stdcell' or the STRUCTURE is not mapped to the target library using the cell map file/piCellMap SKILL function. Therefore, all the instances of the cellview will be referenced from 'ihp_sg13g2_stdcell/ON21JIX1/layout'.
INFO (XSTRM-287): The STRUCTURE 'NO2JIX1' in the input GDSII/Stream file will not be translated. This is because either the '-refLibList' option is used and the cellview is available in the reference library 'ihp_sg13g2_stdcell' or the STRUCTURE is not mapped to the target library using the cell map file/piCellMap SKILL function. Therefore, all the instances of the cellview will be referenced from 'ihp_sg13g2_stdcell/NO2JIX1/layout'.
INFO (XSTRM-287): The STRUCTURE 'EN3JIX0' in the input GDSII/Stream file will not be translated. This is because either the '-refLibList' option is used and the cellview is available in the reference library 'ihp_sg13g2_stdcell' or the STRUCTURE is not mapped to the target library using the cell map file/piCellMap SKILL function. Therefore, all the instances of the cellview will be referenced from 'ihp_sg13g2_stdcell/EN3JIX0/layout'.
INFO (XSTRM-287): The STRUCTURE 'DECAP10JI' in the input GDSII/Stream file will not be translated. This is because either the '-refLibList' option is used and the cellview is available in the reference library 'ihp_sg13g2_stdcell' or the STRUCTURE is not mapped to the target library using the cell map file/piCellMap SKILL function. Therefore, all the instances of the cellview will be referenced from 'ihp_sg13g2_stdcell/DECAP10JI/layout'.
INFO (XSTRM-287): The STRUCTURE 'AN21JIX1' in the input GDSII/Stream file will not be translated. This is because either the '-refLibList' option is used and the cellview is available in the reference library 'ihp_sg13g2_stdcell' or the STRUCTURE is not mapped to the target library using the cell map file/piCellMap SKILL function. Therefore, all the instances of the cellview will be referenced from 'ihp_sg13g2_stdcell/AN21JIX1/layout'.
INFO (XSTRM-287): The STRUCTURE 'FEED2JI' in the input GDSII/Stream file will not be translated. This is because either the '-refLibList' option is used and the cellview is available in the reference library 'ihp_sg13g2_stdcell' or the STRUCTURE is not mapped to the target library using the cell map file/piCellMap SKILL function. Therefore, all the instances of the cellview will be referenced from 'ihp_sg13g2_stdcell/FEED2JI/layout'.
INFO (XSTRM-287): The STRUCTURE 'SDFRRQJIX1' in the input GDSII/Stream file will not be translated. This is because either the '-refLibList' option is used and the cellview is available in the reference library 'ihp_sg13g2_stdcell' or the STRUCTURE is not mapped to the target library using the cell map file/piCellMap SKILL function. Therefore, all the instances of the cellview will be referenced from 'ihp_sg13g2_stdcell/SDFRRQJIX1/layout'.
INFO (XSTRM-287): The STRUCTURE 'FEED3JI' in the input GDSII/Stream file will not be translated. This is because either the '-refLibList' option is used and the cellview is available in the reference library 'ihp_sg13g2_stdcell' or the STRUCTURE is not mapped to the target library using the cell map file/piCellMap SKILL function. Therefore, all the instances of the cellview will be referenced from 'ihp_sg13g2_stdcell/FEED3JI/layout'.
INFO (XSTRM-287): The STRUCTURE 'FEED10JI' in the input GDSII/Stream file will not be translated. This is because either the '-refLibList' option is used and the cellview is available in the reference library 'ihp_sg13g2_stdcell' or the STRUCTURE is not mapped to the target library using the cell map file/piCellMap SKILL function. Therefore, all the instances of the cellview will be referenced from 'ihp_sg13g2_stdcell/FEED10JI/layout'.
INFO (XSTRM-287): The STRUCTURE 'DECAP5JI' in the input GDSII/Stream file will not be translated. This is because either the '-refLibList' option is used and the cellview is available in the reference library 'ihp_sg13g2_stdcell' or the STRUCTURE is not mapped to the target library using the cell map file/piCellMap SKILL function. Therefore, all the instances of the cellview will be referenced from 'ihp_sg13g2_stdcell/DECAP5JI/layout'.
INFO (XSTRM-287): The STRUCTURE 'DECAP25JI' in the input GDSII/Stream file will not be translated. This is because either the '-refLibList' option is used and the cellview is available in the reference library 'ihp_sg13g2_stdcell' or the STRUCTURE is not mapped to the target library using the cell map file/piCellMap SKILL function. Therefore, all the instances of the cellview will be referenced from 'ihp_sg13g2_stdcell/DECAP25JI/layout'.
INFO (XSTRM-287): The STRUCTURE 'NO2JIX0' in the input GDSII/Stream file will not be translated. This is because either the '-refLibList' option is used and the cellview is available in the reference library 'ihp_sg13g2_stdcell' or the STRUCTURE is not mapped to the target library using the cell map file/piCellMap SKILL function. Therefore, all the instances of the cellview will be referenced from 'ihp_sg13g2_stdcell/NO2JIX0/layout'.
INFO (XSTRM-287): The STRUCTURE 'FEED5JI' in the input GDSII/Stream file will not be translated. This is because either the '-refLibList' option is used and the cellview is available in the reference library 'ihp_sg13g2_stdcell' or the STRUCTURE is not mapped to the target library using the cell map file/piCellMap SKILL function. Therefore, all the instances of the cellview will be referenced from 'ihp_sg13g2_stdcell/FEED5JI/layout'.
INFO (XSTRM-287): The STRUCTURE 'SDFRQJIX1' in the input GDSII/Stream file will not be translated. This is because either the '-refLibList' option is used and the cellview is available in the reference library 'ihp_sg13g2_stdcell' or the STRUCTURE is not mapped to the target library using the cell map file/piCellMap SKILL function. Therefore, all the instances of the cellview will be referenced from 'ihp_sg13g2_stdcell/SDFRQJIX1/layout'.
INFO (XSTRM-287): The STRUCTURE 'NA2JIX0' in the input GDSII/Stream file will not be translated. This is because either the '-refLibList' option is used and the cellview is available in the reference library 'ihp_sg13g2_stdcell' or the STRUCTURE is not mapped to the target library using the cell map file/piCellMap SKILL function. Therefore, all the instances of the cellview will be referenced from 'ihp_sg13g2_stdcell/NA2JIX0/layout'.
INFO (XSTRM-220): 1. Translating STRUCTURE Main as cellView UR_Main/Main/layout.

Summary of Objects Translated:
	Instances:                              730
	CustomVias:                             0
	StandardVias:                           2828
	CdsGenVias:                             0
	Arrays:                                 0
	Polygons:                               0
	Paths:                                  4338
	PathSegs:                               0
	Rectangles:                             1268
	Text:                                   835
	Node:                                   0
	Line:                                   0
	Cells:                                  1

Elapsed Time: 0.5s   User Time: 0.3s   CPU Time: 0.1s   Peak VM: 15368KB  CPUs Used: 2
INFO (XSTRM-234): Translation completed. '0' error(s) and '3' warning(s) found.
