 -------------------------------------------------------------------------------------------------- 
| Snapshot           | WNS               | TNS | Density (%) | Resource               | DRVs       |
|                    | HEPG (ns) | ALL (ns)    |             | Real (s) | Memory (MB) | Tran | Cap |
|--------------------+-----------+-------+-----+-------------+----------+-------------+------+-----|
| initial_summary    |     0.080 | 0.003 |   0 |       74.56 | 0:00:01  |        4640 |    0 |   0 |
| ccopt_pro          |           |       |     |             | 0:00:01  |        7878 |      |     |
| route_type_fixing  |           |       |     |             | 0:00:00  |        5182 |      |     |
| pre_route_summary  |     0.080 | 0.003 |   0 |       74.56 | 0:00:00  |        5216 |    0 |   0 |
| eco_route          |           |       |     |             | 0:00:04  |        5226 |      |     |
| post_route_summary |     0.080 | 0.003 |   0 |       74.56 | 0:00:01  |        4725 |    0 |   0 |
| final_summary      |     0.080 | 0.003 |   0 |       74.56 | 0:00:03  |        4727 |    0 |   0 |
 -------------------------------------------------------------------------------------------------- 
